[    0.000000] Linux version 5.15.0-40-generic (buildd@lcy02-amd64-047) (gcc (Ubuntu 11.2.0-19ubuntu1) 11.2.0, GNU ld (GNU Binutils for Ubuntu) 2.38) #43-Ubuntu SMP Wed Jun 15 12:54:21 UTC 2022 (Ubuntu 5.15.0-40.43-generic 5.15.35)
[    0.000000] Command line: BOOT_IMAGE=/boot/vmlinuz-5.15.0-40-generic root=UUID=99db6658-b6af-4fcc-8e41-1dcd2ec23af0 ro quiet splash vt.handoff=7
[    0.000000] KERNEL supported cpus:
[    0.000000]   Intel GenuineIntel
[    0.000000]   AMD AuthenticAMD
[    0.000000]   Hygon HygonGenuine
[    0.000000]   Centaur CentaurHauls
[    0.000000]   zhaoxin   Shanghai  
[    0.000000] x86/fpu: Supporting XSAVE feature 0x001: 'x87 floating point registers'
[    0.000000] x86/fpu: Supporting XSAVE feature 0x002: 'SSE registers'
[    0.000000] x86/fpu: Supporting XSAVE feature 0x004: 'AVX registers'
[    0.000000] x86/fpu: Supporting XSAVE feature 0x200: 'Protection Keys User registers'
[    0.000000] x86/fpu: xstate_offset[2]:  576, xstate_sizes[2]:  256
[    0.000000] x86/fpu: xstate_offset[9]:  832, xstate_sizes[9]:    8
[    0.000000] x86/fpu: Enabled xstate features 0x207, context size is 840 bytes, using 'compacted' format.
[    0.000000] signal: max sigframe size: 3376
[    0.000000] BIOS-provided physical RAM map:
[    0.000000] BIOS-e820: [mem 0x0000000000000000-0x000000000009ffff] usable
[    0.000000] BIOS-e820: [mem 0x00000000000a0000-0x00000000000fffff] reserved
[    0.000000] BIOS-e820: [mem 0x0000000000100000-0x0000000009c3efff] usable
[    0.000000] BIOS-e820: [mem 0x0000000009c3f000-0x0000000009ffffff] reserved
[    0.000000] BIOS-e820: [mem 0x000000000a000000-0x000000000a1fffff] usable
[    0.000000] BIOS-e820: [mem 0x000000000a200000-0x000000000a20dfff] ACPI NVS
[    0.000000] BIOS-e820: [mem 0x000000000a20e000-0x00000000baeb0fff] usable
[    0.000000] BIOS-e820: [mem 0x00000000baeb1000-0x00000000bc527fff] reserved
[    0.000000] BIOS-e820: [mem 0x00000000bc528000-0x00000000bc578fff] ACPI data
[    0.000000] BIOS-e820: [mem 0x00000000bc579000-0x00000000bcc76fff] ACPI NVS
[    0.000000] BIOS-e820: [mem 0x00000000bcc77000-0x00000000bdbfefff] reserved
[    0.000000] BIOS-e820: [mem 0x00000000bdbff000-0x00000000beffffff] usable
[    0.000000] BIOS-e820: [mem 0x00000000bf000000-0x00000000bfffffff] reserved
[    0.000000] BIOS-e820: [mem 0x00000000f0000000-0x00000000f7ffffff] reserved
[    0.000000] BIOS-e820: [mem 0x00000000fd200000-0x00000000fd2fffff] reserved
[    0.000000] BIOS-e820: [mem 0x00000000fd400000-0x00000000fd5fffff] reserved
[    0.000000] BIOS-e820: [mem 0x00000000fea00000-0x00000000fea0ffff] reserved
[    0.000000] BIOS-e820: [mem 0x00000000feb80000-0x00000000fec01fff] reserved
[    0.000000] BIOS-e820: [mem 0x00000000fec10000-0x00000000fec10fff] reserved
[    0.000000] BIOS-e820: [mem 0x00000000fed00000-0x00000000fed00fff] reserved
[    0.000000] BIOS-e820: [mem 0x00000000fed40000-0x00000000fed44fff] reserved
[    0.000000] BIOS-e820: [mem 0x00000000fed80000-0x00000000fed8ffff] reserved
[    0.000000] BIOS-e820: [mem 0x00000000fedc2000-0x00000000fedcffff] reserved
[    0.000000] BIOS-e820: [mem 0x00000000fedd4000-0x00000000fedd5fff] reserved
[    0.000000] BIOS-e820: [mem 0x00000000ff000000-0x00000000ffffffff] reserved
[    0.000000] BIOS-e820: [mem 0x0000000100000000-0x000000083f2fffff] usable
[    0.000000] BIOS-e820: [mem 0x000000083f300000-0x000000083fffffff] reserved
[    0.000000] NX (Execute Disable) protection: active
[    0.000000] e820: update [mem 0xb5b61018-0xb5b72057] usable ==> usable
[    0.000000] e820: update [mem 0xb5b61018-0xb5b72057] usable ==> usable
[    0.000000] e820: update [mem 0xb5b43018-0xb5b60e57] usable ==> usable
[    0.000000] e820: update [mem 0xb5b43018-0xb5b60e57] usable ==> usable
[    0.000000] extended physical RAM map:
[    0.000000] reserve setup_data: [mem 0x0000000000000000-0x000000000009ffff] usable
[    0.000000] reserve setup_data: [mem 0x00000000000a0000-0x00000000000fffff] reserved
[    0.000000] reserve setup_data: [mem 0x0000000000100000-0x0000000009c3efff] usable
[    0.000000] reserve setup_data: [mem 0x0000000009c3f000-0x0000000009ffffff] reserved
[    0.000000] reserve setup_data: [mem 0x000000000a000000-0x000000000a1fffff] usable
[    0.000000] reserve setup_data: [mem 0x000000000a200000-0x000000000a20dfff] ACPI NVS
[    0.000000] reserve setup_data: [mem 0x000000000a20e000-0x00000000b5b43017] usable
[    0.000000] reserve setup_data: [mem 0x00000000b5b43018-0x00000000b5b60e57] usable
[    0.000000] reserve setup_data: [mem 0x00000000b5b60e58-0x00000000b5b61017] usable
[    0.000000] reserve setup_data: [mem 0x00000000b5b61018-0x00000000b5b72057] usable
[    0.000000] reserve setup_data: [mem 0x00000000b5b72058-0x00000000baeb0fff] usable
[    0.000000] reserve setup_data: [mem 0x00000000baeb1000-0x00000000bc527fff] reserved
[    0.000000] reserve setup_data: [mem 0x00000000bc528000-0x00000000bc578fff] ACPI data
[    0.000000] reserve setup_data: [mem 0x00000000bc579000-0x00000000bcc76fff] ACPI NVS
[    0.000000] reserve setup_data: [mem 0x00000000bcc77000-0x00000000bdbfefff] reserved
[    0.000000] reserve setup_data: [mem 0x00000000bdbff000-0x00000000beffffff] usable
[    0.000000] reserve setup_data: [mem 0x00000000bf000000-0x00000000bfffffff] reserved
[    0.000000] reserve setup_data: [mem 0x00000000f0000000-0x00000000f7ffffff] reserved
[    0.000000] reserve setup_data: [mem 0x00000000fd200000-0x00000000fd2fffff] reserved
[    0.000000] reserve setup_data: [mem 0x00000000fd400000-0x00000000fd5fffff] reserved
[    0.000000] reserve setup_data: [mem 0x00000000fea00000-0x00000000fea0ffff] reserved
[    0.000000] reserve setup_data: [mem 0x00000000feb80000-0x00000000fec01fff] reserved
[    0.000000] reserve setup_data: [mem 0x00000000fec10000-0x00000000fec10fff] reserved
[    0.000000] reserve setup_data: [mem 0x00000000fed00000-0x00000000fed00fff] reserved
[    0.000000] reserve setup_data: [mem 0x00000000fed40000-0x00000000fed44fff] reserved
[    0.000000] reserve setup_data: [mem 0x00000000fed80000-0x00000000fed8ffff] reserved
[    0.000000] reserve setup_data: [mem 0x00000000fedc2000-0x00000000fedcffff] reserved
[    0.000000] reserve setup_data: [mem 0x00000000fedd4000-0x00000000fedd5fff] reserved
[    0.000000] reserve setup_data: [mem 0x00000000ff000000-0x00000000ffffffff] reserved
[    0.000000] reserve setup_data: [mem 0x0000000100000000-0x000000083f2fffff] usable
[    0.000000] reserve setup_data: [mem 0x000000083f300000-0x000000083fffffff] reserved
[    0.000000] efi: EFI v2.70 by American Megatrends
[    0.000000] efi: ACPI=0xbcc5e000 ACPI 2.0=0xbcc5e014 TPMFinalLog=0xbcc28000 SMBIOS=0xbda28000 SMBIOS 3.0=0xbda27000 MEMATTR=0xb8caf418 ESRT=0xb63d1c98 MOKvar=0xb5d06000 RNG=0xbda03e98 TPMEventLog=0xb5ce2018 
[    0.000000] efi: seeding entropy pool
[    0.000000] random: fast init done
[    0.000000] secureboot: Secure boot disabled
[    0.000000] SMBIOS 3.3.0 present.
[    0.000000] DMI: Gigabyte Technology Co., Ltd. X570 AORUS ELITE/X570 AORUS ELITE, BIOS F36e 10/14/2021
[    0.000000] tsc: Fast TSC calibration using PIT
[    0.000000] tsc: Detected 3399.855 MHz processor
[    0.000211] e820: update [mem 0x00000000-0x00000fff] usable ==> reserved
[    0.000213] e820: remove [mem 0x000a0000-0x000fffff] usable
[    0.000217] last_pfn = 0x83f300 max_arch_pfn = 0x400000000
[    0.000858] x86/PAT: Configuration [0-7]: WB  WC  UC- UC  WB  WP  UC- WT  
[    0.001059] total RAM covered: 3071M
[    0.001138] Found optimal setting for mtrr clean up
[    0.001138]  gran_size: 64K 	chunk_size: 64M 	num_reg: 3  	lose cover RAM: 0G
[    0.001218] e820: update [mem 0xbc6f0000-0xbc6fffff] usable ==> reserved
[    0.001222] e820: update [mem 0xc0000000-0xffffffff] usable ==> reserved
[    0.001224] last_pfn = 0xbf000 max_arch_pfn = 0x400000000
[    0.003659] esrt: Reserving ESRT space from 0x00000000b63d1c98 to 0x00000000b63d1cd0.
[    0.003665] e820: update [mem 0xb63d1000-0xb63d1fff] usable ==> reserved
[    0.003675] e820: update [mem 0xb5d06000-0xb5d06fff] usable ==> reserved
[    0.003711] Using GB pages for direct mapping
[    0.003841] secureboot: Secure boot disabled
[    0.003842] RAMDISK: [mem 0x389a7000-0x3c9cffff]
[    0.003846] ACPI: Early table checksum verification disabled
[    0.003848] ACPI: RSDP 0x00000000BCC5E014 000024 (v02 ALASKA)
[    0.003850] ACPI: XSDT 0x00000000BCC5D728 0000E4 (v01 ALASKA A M I    01072009 AMI  01000013)
[    0.003854] ACPI: FACP 0x00000000BC55F000 000114 (v06 ALASKA A M I    01072009 AMI  00010013)
[    0.003857] ACPI: DSDT 0x00000000BC558000 00672D (v02 ALASKA A M I    01072009 INTL 20190509)
[    0.003859] ACPI: FACS 0x00000000BCC58000 000040
[    0.003860] ACPI: SSDT 0x00000000BC56E000 00AAA3 (v02 GBT    GSWApp   00000001 INTL 20190509)
[    0.003861] ACPI: SSDT 0x00000000BC565000 008C98 (v02 AMD    AmdTable 00000002 MSFT 04000000)
[    0.003863] ACPI: SSDT 0x00000000BC561000 003D06 (v01 AMD    AMD AOD  00000001 INTL 20190509)
[    0.003864] ACPI: SSDT 0x00000000BC560000 0001CC (v02 ALASKA CPUSSDT  01072009 AMI  01072009)
[    0.003866] ACPI: FIDT 0x00000000BC557000 00009C (v01 ALASKA A M I    01072009 AMI  00010013)
[    0.003867] ACPI: MCFG 0x00000000BC556000 00003C (v01 ALASKA A M I    01072009 MSFT 00010013)
[    0.003868] ACPI: HPET 0x00000000BC555000 000038 (v01 ALASKA A M I    01072009 AMI  00000005)
[    0.003870] ACPI: SSDT 0x00000000BC554000 000024 (v01 AMD    BIXBY    00001000 INTL 20190509)
[    0.003871] ACPI: IVRS 0x00000000BC553000 0000D0 (v02 AMD    AmdTable 00000001 AMD  00000001)
[    0.003873] ACPI: BGRT 0x00000000BC552000 000038 (v01 ALASKA A M I    01072009 AMI  00010013)
[    0.003874] ACPI: TPM2 0x00000000BC551000 00004C (v04 ALASKA A M I    00000001 AMI  00000000)
[    0.003875] ACPI: PCCT 0x00000000BC550000 00006E (v02 AMD    AmdTable 00000001 AMD  00000001)
[    0.003877] ACPI: SSDT 0x00000000BC548000 007E89 (v02 AMD    AmdTable 00000001 AMD  00000001)
[    0.003878] ACPI: CRAT 0x00000000BC546000 001698 (v01 AMD    AmdTable 00000001 AMD  00000001)
[    0.003879] ACPI: CDIT 0x00000000BC545000 000029 (v01 AMD    AmdTable 00000001 AMD  00000001)
[    0.003881] ACPI: SSDT 0x00000000BC544000 00068E (v01 AMD    QOGIRDGP 00000001 INTL 20190509)
[    0.003882] ACPI: SSDT 0x00000000BC542000 00150D (v01 AMD    QOGIRTPX 00000001 INTL 20190509)
[    0.003883] ACPI: SSDT 0x00000000BC541000 000788 (v01 AMD    QOGIRNOI 00000001 INTL 20190509)
[    0.003885] ACPI: SSDT 0x00000000BC53D000 003A59 (v01 AMD    QOGIRN   00000001 INTL 20190509)
[    0.003886] ACPI: WSMT 0x00000000BC53C000 000028 (v01 ALASKA A M I    01072009 AMI  00010013)
[    0.003887] ACPI: APIC 0x00000000BC53B000 00015E (v03 ALASKA A M I    01072009 AMI  00010013)
[    0.003889] ACPI: SSDT 0x00000000BC539000 00147F (v01 AMD    QOGIRC   00000001 INTL 20190509)
[    0.003890] ACPI: FPDT 0x00000000BC538000 000044 (v01 ALASKA A M I    01072009 AMI  01000013)
[    0.003891] ACPI: Reserving FACP table memory at [mem 0xbc55f000-0xbc55f113]
[    0.003892] ACPI: Reserving DSDT table memory at [mem 0xbc558000-0xbc55e72c]
[    0.003893] ACPI: Reserving FACS table memory at [mem 0xbcc58000-0xbcc5803f]
[    0.003893] ACPI: Reserving SSDT table memory at [mem 0xbc56e000-0xbc578aa2]
[    0.003894] ACPI: Reserving SSDT table memory at [mem 0xbc565000-0xbc56dc97]
[    0.003894] ACPI: Reserving SSDT table memory at [mem 0xbc561000-0xbc564d05]
[    0.003895] ACPI: Reserving SSDT table memory at [mem 0xbc560000-0xbc5601cb]
[    0.003895] ACPI: Reserving FIDT table memory at [mem 0xbc557000-0xbc55709b]
[    0.003895] ACPI: Reserving MCFG table memory at [mem 0xbc556000-0xbc55603b]
[    0.003896] ACPI: Reserving HPET table memory at [mem 0xbc555000-0xbc555037]
[    0.003896] ACPI: Reserving SSDT table memory at [mem 0xbc554000-0xbc554023]
[    0.003897] ACPI: Reserving IVRS table memory at [mem 0xbc553000-0xbc5530cf]
[    0.003897] ACPI: Reserving BGRT table memory at [mem 0xbc552000-0xbc552037]
[    0.003898] ACPI: Reserving TPM2 table memory at [mem 0xbc551000-0xbc55104b]
[    0.003898] ACPI: Reserving PCCT table memory at [mem 0xbc550000-0xbc55006d]
[    0.003899] ACPI: Reserving SSDT table memory at [mem 0xbc548000-0xbc54fe88]
[    0.003899] ACPI: Reserving CRAT table memory at [mem 0xbc546000-0xbc547697]
[    0.003899] ACPI: Reserving CDIT table memory at [mem 0xbc545000-0xbc545028]
[    0.003900] ACPI: Reserving SSDT table memory at [mem 0xbc544000-0xbc54468d]
[    0.003900] ACPI: Reserving SSDT table memory at [mem 0xbc542000-0xbc54350c]
[    0.003901] ACPI: Reserving SSDT table memory at [mem 0xbc541000-0xbc541787]
[    0.003901] ACPI: Reserving SSDT table memory at [mem 0xbc53d000-0xbc540a58]
[    0.003902] ACPI: Reserving WSMT table memory at [mem 0xbc53c000-0xbc53c027]
[    0.003902] ACPI: Reserving APIC table memory at [mem 0xbc53b000-0xbc53b15d]
[    0.003903] ACPI: Reserving SSDT table memory at [mem 0xbc539000-0xbc53a47e]
[    0.003903] ACPI: Reserving FPDT table memory at [mem 0xbc538000-0xbc538043]
[    0.004000] No NUMA configuration found
[    0.004000] Faking a node at [mem 0x0000000000000000-0x000000083f2fffff]
[    0.004005] NODE_DATA(0) allocated [mem 0x83f2d6000-0x83f2fffff]
[    0.004156] Zone ranges:
[    0.004157]   DMA      [mem 0x0000000000001000-0x0000000000ffffff]
[    0.004158]   DMA32    [mem 0x0000000001000000-0x00000000ffffffff]
[    0.004159]   Normal   [mem 0x0000000100000000-0x000000083f2fffff]
[    0.004159]   Device   empty
[    0.004160] Movable zone start for each node
[    0.004161] Early memory node ranges
[    0.004161]   node   0: [mem 0x0000000000001000-0x000000000009ffff]
[    0.004162]   node   0: [mem 0x0000000000100000-0x0000000009c3efff]
[    0.004163]   node   0: [mem 0x000000000a000000-0x000000000a1fffff]
[    0.004163]   node   0: [mem 0x000000000a20e000-0x00000000baeb0fff]
[    0.004164]   node   0: [mem 0x00000000bdbff000-0x00000000beffffff]
[    0.004164]   node   0: [mem 0x0000000100000000-0x000000083f2fffff]
[    0.004166] Initmem setup node 0 [mem 0x0000000000001000-0x000000083f2fffff]
[    0.004168] On node 0, zone DMA: 1 pages in unavailable ranges
[    0.004180] On node 0, zone DMA: 96 pages in unavailable ranges
[    0.004288] On node 0, zone DMA32: 961 pages in unavailable ranges
[    0.006428] On node 0, zone DMA32: 14 pages in unavailable ranges
[    0.006503] On node 0, zone DMA32: 11598 pages in unavailable ranges
[    0.031886] On node 0, zone Normal: 4096 pages in unavailable ranges
[    0.031904] On node 0, zone Normal: 3328 pages in unavailable ranges
[    0.032470] ACPI: PM-Timer IO Port: 0x808
[    0.032476] ACPI: LAPIC_NMI (acpi_id[0xff] high edge lint[0x1])
[    0.032485] IOAPIC[0]: apic_id 33, version 33, address 0xfec00000, GSI 0-23
[    0.032489] IOAPIC[1]: apic_id 34, version 33, address 0xfec01000, GSI 24-55
[    0.032490] ACPI: INT_SRC_OVR (bus 0 bus_irq 0 global_irq 2 dfl dfl)
[    0.032492] ACPI: INT_SRC_OVR (bus 0 bus_irq 9 global_irq 9 low level)
[    0.032494] ACPI: Using ACPI (MADT) for SMP configuration information
[    0.032494] ACPI: HPET id: 0x10228201 base: 0xfed00000
[    0.032502] e820: update [mem 0xb6372000-0xb63c8fff] usable ==> reserved
[    0.032510] smpboot: Allowing 32 CPUs, 0 hotplug CPUs
[    0.032526] PM: hibernation: Registered nosave memory: [mem 0x00000000-0x00000fff]
[    0.032527] PM: hibernation: Registered nosave memory: [mem 0x000a0000-0x000fffff]
[    0.032528] PM: hibernation: Registered nosave memory: [mem 0x09c3f000-0x09ffffff]
[    0.032529] PM: hibernation: Registered nosave memory: [mem 0x0a200000-0x0a20dfff]
[    0.032530] PM: hibernation: Registered nosave memory: [mem 0xb5b43000-0xb5b43fff]
[    0.032531] PM: hibernation: Registered nosave memory: [mem 0xb5b60000-0xb5b60fff]
[    0.032532] PM: hibernation: Registered nosave memory: [mem 0xb5b61000-0xb5b61fff]
[    0.032533] PM: hibernation: Registered nosave memory: [mem 0xb5b72000-0xb5b72fff]
[    0.032534] PM: hibernation: Registered nosave memory: [mem 0xb5d06000-0xb5d06fff]
[    0.032535] PM: hibernation: Registered nosave memory: [mem 0xb6372000-0xb63c8fff]
[    0.032535] PM: hibernation: Registered nosave memory: [mem 0xb63d1000-0xb63d1fff]
[    0.032536] PM: hibernation: Registered nosave memory: [mem 0xbaeb1000-0xbc527fff]
[    0.032537] PM: hibernation: Registered nosave memory: [mem 0xbc528000-0xbc578fff]
[    0.032537] PM: hibernation: Registered nosave memory: [mem 0xbc579000-0xbcc76fff]
[    0.032537] PM: hibernation: Registered nosave memory: [mem 0xbcc77000-0xbdbfefff]
[    0.032538] PM: hibernation: Registered nosave memory: [mem 0xbf000000-0xbfffffff]
[    0.032539] PM: hibernation: Registered nosave memory: [mem 0xc0000000-0xefffffff]
[    0.032539] PM: hibernation: Registered nosave memory: [mem 0xf0000000-0xf7ffffff]
[    0.032539] PM: hibernation: Registered nosave memory: [mem 0xf8000000-0xfd1fffff]
[    0.032540] PM: hibernation: Registered nosave memory: [mem 0xfd200000-0xfd2fffff]
[    0.032540] PM: hibernation: Registered nosave memory: [mem 0xfd300000-0xfd3fffff]
[    0.032540] PM: hibernation: Registered nosave memory: [mem 0xfd400000-0xfd5fffff]
[    0.032541] PM: hibernation: Registered nosave memory: [mem 0xfd600000-0xfe9fffff]
[    0.032541] PM: hibernation: Registered nosave memory: [mem 0xfea00000-0xfea0ffff]
[    0.032541] PM: hibernation: Registered nosave memory: [mem 0xfea10000-0xfeb7ffff]
[    0.032542] PM: hibernation: Registered nosave memory: [mem 0xfeb80000-0xfec01fff]
[    0.032542] PM: hibernation: Registered nosave memory: [mem 0xfec02000-0xfec0ffff]
[    0.032542] PM: hibernation: Registered nosave memory: [mem 0xfec10000-0xfec10fff]
[    0.032543] PM: hibernation: Registered nosave memory: [mem 0xfec11000-0xfecfffff]
[    0.032543] PM: hibernation: Registered nosave memory: [mem 0xfed00000-0xfed00fff]
[    0.032543] PM: hibernation: Registered nosave memory: [mem 0xfed01000-0xfed3ffff]
[    0.032544] PM: hibernation: Registered nosave memory: [mem 0xfed40000-0xfed44fff]
[    0.032544] PM: hibernation: Registered nosave memory: [mem 0xfed45000-0xfed7ffff]
[    0.032544] PM: hibernation: Registered nosave memory: [mem 0xfed80000-0xfed8ffff]
[    0.032545] PM: hibernation: Registered nosave memory: [mem 0xfed90000-0xfedc1fff]
[    0.032545] PM: hibernation: Registered nosave memory: [mem 0xfedc2000-0xfedcffff]
[    0.032545] PM: hibernation: Registered nosave memory: [mem 0xfedd0000-0xfedd3fff]
[    0.032546] PM: hibernation: Registered nosave memory: [mem 0xfedd4000-0xfedd5fff]
[    0.032546] PM: hibernation: Registered nosave memory: [mem 0xfedd6000-0xfeffffff]
[    0.032546] PM: hibernation: Registered nosave memory: [mem 0xff000000-0xffffffff]
[    0.032547] [mem 0xc0000000-0xefffffff] available for PCI devices
[    0.032548] Booting paravirtualized kernel on bare hardware
[    0.032550] clocksource: refined-jiffies: mask: 0xffffffff max_cycles: 0xffffffff, max_idle_ns: 7645519600211568 ns
[    0.032555] setup_percpu: NR_CPUS:8192 nr_cpumask_bits:32 nr_cpu_ids:32 nr_node_ids:1
[    0.033195] percpu: Embedded 60 pages/cpu s208896 r8192 d28672 u262144
[    0.033200] pcpu-alloc: s208896 r8192 d28672 u262144 alloc=1*2097152
[    0.033201] pcpu-alloc: [0] 00 01 02 03 04 05 06 07 [0] 08 09 10 11 12 13 14 15 
[    0.033206] pcpu-alloc: [0] 16 17 18 19 20 21 22 23 [0] 24 25 26 27 28 29 30 31 
[    0.033231] Built 1 zonelists, mobility grouping on.  Total pages: 8237595
[    0.033232] Policy zone: Normal
[    0.033233] Kernel command line: BOOT_IMAGE=/boot/vmlinuz-5.15.0-40-generic root=UUID=99db6658-b6af-4fcc-8e41-1dcd2ec23af0 ro quiet splash vt.handoff=7
[    0.033269] Unknown kernel command line parameters "splash BOOT_IMAGE=/boot/vmlinuz-5.15.0-40-generic", will be passed to user space.
[    0.034437] Dentry cache hash table entries: 4194304 (order: 13, 33554432 bytes, linear)
[    0.035023] Inode-cache hash table entries: 2097152 (order: 12, 16777216 bytes, linear)
[    0.035089] mem auto-init: stack:off, heap alloc:on, heap free:off
[    0.071867] Memory: 32612188K/33474056K available (16393K kernel code, 4382K rwdata, 10796K rodata, 2904K init, 4844K bss, 861608K reserved, 0K cma-reserved)
[    0.071870] random: get_random_u64 called from kmem_cache_open+0x2b/0x320 with crng_init=1
[    0.071940] SLUB: HWalign=64, Order=0-3, MinObjects=0, CPUs=32, Nodes=1
[    0.071947] ftrace: allocating 50444 entries in 198 pages
[    0.082287] ftrace: allocated 198 pages with 4 groups
[    0.082372] rcu: Hierarchical RCU implementation.
[    0.082373] rcu: 	RCU restricting CPUs from NR_CPUS=8192 to nr_cpu_ids=32.
[    0.082374] 	Rude variant of Tasks RCU enabled.
[    0.082374] 	Tracing variant of Tasks RCU enabled.
[    0.082375] rcu: RCU calculated value of scheduler-enlistment delay is 25 jiffies.
[    0.082375] rcu: Adjusting geometry for rcu_fanout_leaf=16, nr_cpu_ids=32
[    0.084189] NR_IRQS: 524544, nr_irqs: 1224, preallocated irqs: 16
[    0.084423] random: crng done (trusting CPU's manufacturer)
[    0.084443] Console: colour dummy device 80x25
[    0.084452] printk: console [tty0] enabled
[    0.084469] ACPI: Core revision 20210730
[    0.084567] clocksource: hpet: mask: 0xffffffff max_cycles: 0xffffffff, max_idle_ns: 133484873504 ns
[    0.084579] APIC: Switch to symmetric I/O mode setup
[    0.250688] x2apic: IRQ remapping doesn't support X2APIC mode
[    0.250701] Switched APIC routing to physical flat.
[    0.251187] ..TIMER: vector=0x30 apic1=0 pin1=2 apic2=-1 pin2=-1
[    0.268585] clocksource: tsc-early: mask: 0xffffffffffffffff max_cycles: 0x3101c58a955, max_idle_ns: 440795285312 ns
[    0.268590] Calibrating delay loop (skipped), value calculated using timer frequency.. 6799.71 BogoMIPS (lpj=13599420)
[    0.268591] pid_max: default: 32768 minimum: 301
[    0.270121] LSM: Security Framework initializing
[    0.270127] landlock: Up and running.
[    0.270128] Yama: becoming mindful.
[    0.270139] AppArmor: AppArmor initialized
[    0.270180] Mount-cache hash table entries: 65536 (order: 7, 524288 bytes, linear)
[    0.270207] Mountpoint-cache hash table entries: 65536 (order: 7, 524288 bytes, linear)
[    0.270353] x86/cpu: User Mode Instruction Prevention (UMIP) activated
[    0.270394] LVT offset 1 assigned for vector 0xf9
[    0.270533] LVT offset 2 assigned for vector 0xf4
[    0.270572] Last level iTLB entries: 4KB 512, 2MB 512, 4MB 256
[    0.270572] Last level dTLB entries: 4KB 2048, 2MB 2048, 4MB 1024, 1GB 0
[    0.270575] Spectre V1 : Mitigation: usercopy/swapgs barriers and __user pointer sanitization
[    0.270576] Spectre V2 : Mitigation: Retpolines
[    0.270576] Spectre V2 : Spectre v2 / SpectreRSB mitigation: Filling RSB on context switch
[    0.270577] Spectre V2 : Enabling Restricted Speculation for firmware calls
[    0.270578] Spectre V2 : mitigation: Enabling conditional Indirect Branch Prediction Barrier
[    0.270578] Spectre V2 : User space: Mitigation: STIBP always-on protection
[    0.270579] Speculative Store Bypass: Mitigation: Speculative Store Bypass disabled via prctl and seccomp
[    0.273890] Freeing SMP alternatives memory: 40K
[    0.382068] smpboot: CPU0: AMD Ryzen 9 5950X 16-Core Processor (family: 0x19, model: 0x21, stepping: 0x0)
[    0.382149] Performance Events: Fam17h+ core perfctr, AMD PMU driver.
[    0.382152] ... version:                0
[    0.382152] ... bit width:              48
[    0.382153] ... generic registers:      6
[    0.382153] ... value mask:             0000ffffffffffff
[    0.382153] ... max period:             00007fffffffffff
[    0.382154] ... fixed-purpose events:   0
[    0.382154] ... event mask:             000000000000003f
[    0.382185] rcu: Hierarchical SRCU implementation.
[    0.382403] NMI watchdog: Enabled. Permanently consumes one hw-PMU counter.
[    0.382515] smp: Bringing up secondary CPUs ...
[    0.382557] x86: Booting SMP configuration:
[    0.382557] .... node  #0, CPUs:        #1  #2  #3  #4  #5  #6  #7  #8  #9 #10 #11 #12 #13 #14 #15 #16
[    0.416640] Spectre V2 : Update user space SMT mitigation: STIBP always-on
[    0.416653]  #17 #18 #19 #20 #21 #22 #23 #24 #25 #26 #27 #28 #29 #30 #31
[    0.448615] smp: Brought up 1 node, 32 CPUs
[    0.448616] smpboot: Max logical packages: 1
[    0.448617] smpboot: Total of 32 processors activated (217590.72 BogoMIPS)
[    0.451352] devtmpfs: initialized
[    0.451352] x86/mm: Memory block size: 128MB
[    0.453413] ACPI: PM: Registering ACPI NVS region [mem 0x0a200000-0x0a20dfff] (57344 bytes)
[    0.453413] ACPI: PM: Registering ACPI NVS region [mem 0xbc579000-0xbcc76fff] (7331840 bytes)
[    0.453413] clocksource: jiffies: mask: 0xffffffff max_cycles: 0xffffffff, max_idle_ns: 7645041785100000 ns
[    0.453413] futex hash table entries: 8192 (order: 7, 524288 bytes, linear)
[    0.453413] pinctrl core: initialized pinctrl subsystem
[    0.453413] PM: RTC time: 00:01:55, date: 2022-07-07
[    0.453413] NET: Registered PF_NETLINK/PF_ROUTE protocol family
[    0.453413] DMA: preallocated 4096 KiB GFP_KERNEL pool for atomic allocations
[    0.453413] DMA: preallocated 4096 KiB GFP_KERNEL|GFP_DMA pool for atomic allocations
[    0.453413] DMA: preallocated 4096 KiB GFP_KERNEL|GFP_DMA32 pool for atomic allocations
[    0.453413] audit: initializing netlink subsys (disabled)
[    0.453413] audit: type=2000 audit(1657152115.208:1): state=initialized audit_enabled=0 res=1
[    0.453413] thermal_sys: Registered thermal governor 'fair_share'
[    0.453413] thermal_sys: Registered thermal governor 'bang_bang'
[    0.453413] thermal_sys: Registered thermal governor 'step_wise'
[    0.453413] thermal_sys: Registered thermal governor 'user_space'
[    0.453413] thermal_sys: Registered thermal governor 'power_allocator'
[    0.453413] EISA bus registered
[    0.453413] cpuidle: using governor ladder
[    0.453413] cpuidle: using governor menu
[    0.453413] Detected 1 PCC Subspaces
[    0.453413] Registering PCC driver as Mailbox controller
[    0.453413] ACPI: bus type PCI registered
[    0.453413] acpiphp: ACPI Hot Plug PCI Controller Driver version: 0.5
[    0.453413] PCI: MMCONFIG for domain 0000 [bus 00-7f] at [mem 0xf0000000-0xf7ffffff] (base 0xf0000000)
[    0.453413] PCI: MMCONFIG at [mem 0xf0000000-0xf7ffffff] reserved in E820
[    0.453413] PCI: Using configuration type 1 for base access
[    0.453651] Kprobes globally optimized
[    0.453654] HugeTLB registered 1.00 GiB page size, pre-allocated 0 pages
[    0.453654] HugeTLB registered 2.00 MiB page size, pre-allocated 0 pages
[    0.456627] ACPI: Added _OSI(Module Device)
[    0.456628] ACPI: Added _OSI(Processor Device)
[    0.456628] ACPI: Added _OSI(3.0 _SCP Extensions)
[    0.456628] ACPI: Added _OSI(Processor Aggregator Device)
[    0.456629] ACPI: Added _OSI(Linux-Dell-Video)
[    0.456630] ACPI: Added _OSI(Linux-Lenovo-NV-HDMI-Audio)
[    0.456630] ACPI: Added _OSI(Linux-HPI-Hybrid-Graphics)
[    0.469141] ACPI: 12 ACPI AML tables successfully acquired and loaded
[    0.470438] ACPI: [Firmware Bug]: BIOS _OSI(Linux) query ignored
[    0.477690] ACPI: Interpreter enabled
[    0.477700] ACPI: PM: (supports S0 S3 S4 S5)
[    0.477700] ACPI: Using IOAPIC for interrupt routing
[    0.477921] PCI: Using host bridge windows from ACPI; if necessary, use "pci=nocrs" and report a bug
[    0.478182] ACPI: Enabled 2 GPEs in block 00 to 1F
[    0.484562] ACPI: PCI Root Bridge [PCI0] (domain 0000 [bus 00-ff])
[    0.484566] acpi PNP0A08:00: _OSC: OS supports [ExtendedConfig ASPM ClockPM Segments MSI HPX-Type3]
[    0.484676] acpi PNP0A08:00: _OSC: platform does not support [SHPCHotplug LTR]
[    0.484776] acpi PNP0A08:00: _OSC: OS now controls [PCIeHotplug PME AER PCIeCapability]
[    0.484782] acpi PNP0A08:00: [Firmware Info]: MMCONFIG for domain 0000 [bus 00-7f] only partially covers this bridge
[    0.485009] PCI host bridge to bus 0000:00
[    0.485011] pci_bus 0000:00: root bus resource [bus 00-ff]
[    0.485012] pci_bus 0000:00: root bus resource [io  0x0000-0x0cf7 window]
[    0.485013] pci_bus 0000:00: root bus resource [io  0x0d00-0xffff window]
[    0.485013] pci_bus 0000:00: root bus resource [mem 0x000a0000-0x000dffff window]
[    0.485014] pci_bus 0000:00: root bus resource [mem 0xc0000000-0xfec02fff window]
[    0.485015] pci_bus 0000:00: root bus resource [mem 0xfee00000-0xffffffff window]
[    0.485057] pci 0000:00:00.0: [1022:1480] type 00 class 0x060000
[    0.485146] pci 0000:00:00.2: [1022:1481] type 00 class 0x080600
[    0.485221] pci 0000:00:01.0: [1022:1482] type 00 class 0x060000
[    0.485312] pci 0000:00:01.1: [1022:1483] type 01 class 0x060400
[    0.485332] pci 0000:00:01.1: enabling Extended Tags
[    0.485369] pci 0000:00:01.1: PME# supported from D0 D3hot D3cold
[    0.485474] pci 0000:00:01.2: [1022:1483] type 01 class 0x060400
[    0.485494] pci 0000:00:01.2: enabling Extended Tags
[    0.485530] pci 0000:00:01.2: PME# supported from D0 D3hot D3cold
[    0.485613] pci 0000:00:02.0: [1022:1482] type 00 class 0x060000
[    0.485685] pci 0000:00:03.0: [1022:1482] type 00 class 0x060000
[    0.485774] pci 0000:00:03.1: [1022:1483] type 01 class 0x060400
[    0.485828] pci 0000:00:03.1: PME# supported from D0 D3hot D3cold
[    0.485911] pci 0000:00:04.0: [1022:1482] type 00 class 0x060000
[    0.485982] pci 0000:00:05.0: [1022:1482] type 00 class 0x060000
[    0.486054] pci 0000:00:07.0: [1022:1482] type 00 class 0x060000
[    0.486141] pci 0000:00:07.1: [1022:1484] type 01 class 0x060400
[    0.486157] pci 0000:00:07.1: enabling Extended Tags
[    0.486183] pci 0000:00:07.1: PME# supported from D0 D3hot D3cold
[    0.486252] pci 0000:00:08.0: [1022:1482] type 00 class 0x060000
[    0.486339] pci 0000:00:08.1: [1022:1484] type 01 class 0x060400
[    0.486357] pci 0000:00:08.1: enabling Extended Tags
[    0.486386] pci 0000:00:08.1: PME# supported from D0 D3hot D3cold
[    0.486489] pci 0000:00:14.0: [1022:790b] type 00 class 0x0c0500
[    0.486602] pci 0000:00:14.3: [1022:790e] type 00 class 0x060100
[    0.486701] pci 0000:00:18.0: [1022:1440] type 00 class 0x060000
[    0.486754] pci 0000:00:18.1: [1022:1441] type 00 class 0x060000
[    0.486808] pci 0000:00:18.2: [1022:1442] type 00 class 0x060000
[    0.486862] pci 0000:00:18.3: [1022:1443] type 00 class 0x060000
[    0.486914] pci 0000:00:18.4: [1022:1444] type 00 class 0x060000
[    0.486967] pci 0000:00:18.5: [1022:1445] type 00 class 0x060000
[    0.487019] pci 0000:00:18.6: [1022:1446] type 00 class 0x060000
[    0.487072] pci 0000:00:18.7: [1022:1447] type 00 class 0x060000
[    0.487151] pci 0000:01:00.0: [15b7:5002] type 00 class 0x010802
[    0.487166] pci 0000:01:00.0: reg 0x10: [mem 0xfcf00000-0xfcf03fff 64bit]
[    0.487188] pci 0000:01:00.0: reg 0x20: [mem 0xfcf04000-0xfcf040ff 64bit]
[    0.487313] pci 0000:00:01.1: PCI bridge to [bus 01]
[    0.487317] pci 0000:00:01.1:   bridge window [mem 0xfcf00000-0xfcffffff]
[    0.487365] pci 0000:02:00.0: [1022:57ad] type 01 class 0x060400
[    0.487412] pci 0000:02:00.0: enabling Extended Tags
[    0.487484] pci 0000:02:00.0: PME# supported from D0 D3hot D3cold
[    0.487571] pci 0000:02:00.0: 63.012 Gb/s available PCIe bandwidth, limited by 16.0 GT/s PCIe x4 link at 0000:00:01.2 (capable of 126.024 Gb/s with 16.0 GT/s PCIe x8 link)
[    0.487616] pci 0000:00:01.2: PCI bridge to [bus 02-07]
[    0.487618] pci 0000:00:01.2:   bridge window [io  0xf000-0xffff]
[    0.487620] pci 0000:00:01.2:   bridge window [mem 0xfc300000-0xfc7fffff]
[    0.487880] pci 0000:03:03.0: [1022:57a3] type 01 class 0x060400
[    0.487945] pci 0000:03:03.0: enabling Extended Tags
[    0.488172] pci 0000:03:03.0: PME# supported from D0 D3hot D3cold
[    0.488726] pci 0000:03:08.0: [1022:57a4] type 01 class 0x060400
[    0.488787] pci 0000:03:08.0: enabling Extended Tags
[    0.488933] pci 0000:03:08.0: PME# supported from D0 D3hot D3cold
[    0.489107] pci 0000:03:09.0: [1022:57a4] type 01 class 0x060400
[    0.489169] pci 0000:03:09.0: enabling Extended Tags
[    0.489314] pci 0000:03:09.0: PME# supported from D0 D3hot D3cold
[    0.489486] pci 0000:03:0a.0: [1022:57a4] type 01 class 0x060400
[    0.489547] pci 0000:03:0a.0: enabling Extended Tags
[    0.489713] pci 0000:03:0a.0: PME# supported from D0 D3hot D3cold
[    0.489882] pci 0000:02:00.0: PCI bridge to [bus 03-07]
[    0.489887] pci 0000:02:00.0:   bridge window [io  0xf000-0xffff]
[    0.489890] pci 0000:02:00.0:   bridge window [mem 0xfc300000-0xfc7fffff]
[    0.490006] pci 0000:04:00.0: [8086:1539] type 00 class 0x020000
[    0.490035] pci 0000:04:00.0: reg 0x10: [mem 0xfc700000-0xfc71ffff]
[    0.490067] pci 0000:04:00.0: reg 0x18: [io  0xf000-0xf01f]
[    0.490083] pci 0000:04:00.0: reg 0x1c: [mem 0xfc720000-0xfc723fff]
[    0.490254] pci 0000:04:00.0: PME# supported from D0 D3hot D3cold
[    0.490410] pci 0000:03:03.0: PCI bridge to [bus 04]
[    0.490416] pci 0000:03:03.0:   bridge window [io  0xf000-0xffff]
[    0.490419] pci 0000:03:03.0:   bridge window [mem 0xfc700000-0xfc7fffff]
[    0.490533] pci 0000:05:00.0: [1022:1485] type 00 class 0x130000
[    0.490591] pci 0000:05:00.0: enabling Extended Tags
[    0.490732] pci 0000:05:00.0: 63.012 Gb/s available PCIe bandwidth, limited by 16.0 GT/s PCIe x4 link at 0000:00:01.2 (capable of 252.048 Gb/s with 16.0 GT/s PCIe x16 link)
[    0.490927] pci 0000:05:00.1: [1022:149c] type 00 class 0x0c0330
[    0.491318] pci 0000:05:00.1: reg 0x10: [mem 0xfc400000-0xfc4fffff 64bit]
[    0.492168] pci 0000:05:00.1: enabling Extended Tags
[    0.492695] pci 0000:05:00.1: PME# supported from D0 D3hot D3cold
[    0.493003] pci 0000:05:00.3: [1022:149c] type 00 class 0x0c0330
[    0.493025] pci 0000:05:00.3: reg 0x10: [mem 0xfc300000-0xfc3fffff 64bit]
[    0.493077] pci 0000:05:00.3: enabling Extended Tags
[    0.493141] pci 0000:05:00.3: PME# supported from D0 D3hot D3cold
[    0.493250] pci 0000:03:08.0: PCI bridge to [bus 05]
[    0.493258] pci 0000:03:08.0:   bridge window [mem 0xfc300000-0xfc4fffff]
[    0.493351] pci 0000:06:00.0: [1022:7901] type 00 class 0x010601
[    0.493412] pci 0000:06:00.0: reg 0x24: [mem 0xfc600000-0xfc6007ff]
[    0.493429] pci 0000:06:00.0: enabling Extended Tags
[    0.493514] pci 0000:06:00.0: PME# supported from D3hot D3cold
[    0.493585] pci 0000:06:00.0: 63.012 Gb/s available PCIe bandwidth, limited by 16.0 GT/s PCIe x4 link at 0000:00:01.2 (capable of 252.048 Gb/s with 16.0 GT/s PCIe x16 link)
[    0.493623] pci 0000:03:09.0: PCI bridge to [bus 06]
[    0.493631] pci 0000:03:09.0:   bridge window [mem 0xfc600000-0xfc6fffff]
[    0.493724] pci 0000:07:00.0: [1022:7901] type 00 class 0x010601
[    0.493785] pci 0000:07:00.0: reg 0x24: [mem 0xfc500000-0xfc5007ff]
[    0.493802] pci 0000:07:00.0: enabling Extended Tags
[    0.493886] pci 0000:07:00.0: PME# supported from D3hot D3cold
[    0.493957] pci 0000:07:00.0: 63.012 Gb/s available PCIe bandwidth, limited by 16.0 GT/s PCIe x4 link at 0000:00:01.2 (capable of 252.048 Gb/s with 16.0 GT/s PCIe x16 link)
[    0.493994] pci 0000:03:0a.0: PCI bridge to [bus 07]
[    0.494001] pci 0000:03:0a.0:   bridge window [mem 0xfc500000-0xfc5fffff]
[    0.494078] pci 0000:08:00.0: [1002:1478] type 01 class 0x060400
[    0.494089] pci 0000:08:00.0: reg 0x10: [mem 0xfcb00000-0xfcb03fff]
[    0.494172] pci 0000:08:00.0: PME# supported from D0 D3hot D3cold
[    0.494269] pci 0000:00:03.1: PCI bridge to [bus 08-0a]
[    0.494271] pci 0000:00:03.1:   bridge window [io  0xe000-0xefff]
[    0.494273] pci 0000:00:03.1:   bridge window [mem 0xfc800000-0xfcbfffff]
[    0.494275] pci 0000:00:03.1:   bridge window [mem 0xd0000000-0xe01fffff 64bit pref]
[    0.494325] pci 0000:09:00.0: [1002:1479] type 01 class 0x060400
[    0.494416] pci 0000:09:00.0: PME# supported from D0 D3hot D3cold
[    0.494665] pci 0000:08:00.0: PCI bridge to [bus 09-0a]
[    0.494670] pci 0000:08:00.0:   bridge window [io  0xe000-0xefff]
[    0.494672] pci 0000:08:00.0:   bridge window [mem 0xfc800000-0xfcafffff]
[    0.494675] pci 0000:08:00.0:   bridge window [mem 0xd0000000-0xe01fffff 64bit pref]
[    0.494732] pci 0000:0a:00.0: [1002:73bf] type 00 class 0x030000
[    0.494747] pci 0000:0a:00.0: reg 0x10: [mem 0xd0000000-0xdfffffff 64bit pref]
[    0.494756] pci 0000:0a:00.0: reg 0x18: [mem 0xe0000000-0xe01fffff 64bit pref]
[    0.494762] pci 0000:0a:00.0: reg 0x20: [io  0xe000-0xe0ff]
[    0.494768] pci 0000:0a:00.0: reg 0x24: [mem 0xfc900000-0xfc9fffff]
[    0.494774] pci 0000:0a:00.0: reg 0x30: [mem 0xfca00000-0xfca1ffff pref]
[    0.494793] pci 0000:0a:00.0: BAR 0: assigned to efifb
[    0.494799] pci 0000:0a:00.0: Video device with shadowed ROM at [mem 0x000c0000-0x000dffff]
[    0.494852] pci 0000:0a:00.0: PME# supported from D1 D2 D3hot D3cold
[    0.494956] pci 0000:0a:00.1: [1002:ab28] type 00 class 0x040300
[    0.494967] pci 0000:0a:00.1: reg 0x10: [mem 0xfca24000-0xfca27fff]
[    0.495048] pci 0000:0a:00.1: PME# supported from D1 D2 D3hot D3cold
[    0.495117] pci 0000:0a:00.2: [1002:73a6] type 00 class 0x0c0330
[    0.495131] pci 0000:0a:00.2: reg 0x10: [mem 0xfc800000-0xfc8fffff 64bit]
[    0.495210] pci 0000:0a:00.2: PME# supported from D0 D3hot D3cold
[    0.495270] pci 0000:0a:00.3: [1002:73a4] type 00 class 0x0c8000
[    0.495284] pci 0000:0a:00.3: reg 0x10: [mem 0xfca20000-0xfca23fff 64bit]
[    0.495359] pci 0000:0a:00.3: PME# supported from D0 D3hot
[    0.495432] pci 0000:09:00.0: PCI bridge to [bus 0a]
[    0.495436] pci 0000:09:00.0:   bridge window [io  0xe000-0xefff]
[    0.495438] pci 0000:09:00.0:   bridge window [mem 0xfc800000-0xfcafffff]
[    0.495442] pci 0000:09:00.0:   bridge window [mem 0xd0000000-0xe01fffff 64bit pref]
[    0.495479] pci 0000:0b:00.0: [1022:148a] type 00 class 0x130000
[    0.495498] pci 0000:0b:00.0: enabling Extended Tags
[    0.495571] pci 0000:00:07.1: PCI bridge to [bus 0b]
[    0.495613] pci 0000:0c:00.0: [1022:1485] type 00 class 0x130000
[    0.495635] pci 0000:0c:00.0: enabling Extended Tags
[    0.495713] pci 0000:0c:00.1: [1022:1486] type 00 class 0x108000
[    0.495723] pci 0000:0c:00.1: reg 0x18: [mem 0xfcd00000-0xfcdfffff]
[    0.495731] pci 0000:0c:00.1: reg 0x24: [mem 0xfce08000-0xfce09fff]
[    0.495736] pci 0000:0c:00.1: enabling Extended Tags
[    0.495809] pci 0000:0c:00.3: [1022:149c] type 00 class 0x0c0330
[    0.495817] pci 0000:0c:00.3: reg 0x10: [mem 0xfcc00000-0xfccfffff 64bit]
[    0.495837] pci 0000:0c:00.3: enabling Extended Tags
[    0.495867] pci 0000:0c:00.3: PME# supported from D0 D3hot D3cold
[    0.495919] pci 0000:0c:00.4: [1022:1487] type 00 class 0x040300
[    0.495925] pci 0000:0c:00.4: reg 0x10: [mem 0xfce00000-0xfce07fff]
[    0.495942] pci 0000:0c:00.4: enabling Extended Tags
[    0.495970] pci 0000:0c:00.4: PME# supported from D0 D3hot D3cold
[    0.496020] pci 0000:00:08.1: PCI bridge to [bus 0c]
[    0.496023] pci 0000:00:08.1:   bridge window [mem 0xfcc00000-0xfcefffff]
[    0.496208] ACPI: PCI: Interrupt link LNKA configured for IRQ 0
[    0.496246] ACPI: PCI: Interrupt link LNKB configured for IRQ 0
[    0.496276] ACPI: PCI: Interrupt link LNKC configured for IRQ 0
[    0.496312] ACPI: PCI: Interrupt link LNKD configured for IRQ 0
[    0.496345] ACPI: PCI: Interrupt link LNKE configured for IRQ 0
[    0.496373] ACPI: PCI: Interrupt link LNKF configured for IRQ 0
[    0.496400] ACPI: PCI: Interrupt link LNKG configured for IRQ 0
[    0.496428] ACPI: PCI: Interrupt link LNKH configured for IRQ 0
[    0.497026] iommu: Default domain type: Translated 
[    0.497026] iommu: DMA domain TLB invalidation policy: lazy mode 
[    0.497026] SCSI subsystem initialized
[    0.497026] libata version 3.00 loaded.
[    0.497026] pci 0000:0a:00.0: vgaarb: setting as boot VGA device
[    0.497026] pci 0000:0a:00.0: vgaarb: VGA device added: decodes=io+mem,owns=io+mem,locks=none
[    0.497026] pci 0000:0a:00.0: vgaarb: bridge control possible
[    0.497026] vgaarb: loaded
[    0.497026] ACPI: bus type USB registered
[    0.497026] usbcore: registered new interface driver usbfs
[    0.497026] usbcore: registered new interface driver hub
[    0.497026] usbcore: registered new device driver usb
[    0.497026] pps_core: LinuxPPS API ver. 1 registered
[    0.497026] pps_core: Software ver. 5.3.6 - Copyright 2005-2007 Rodolfo Giometti <giometti@linux.it>
[    0.497026] PTP clock support registered
[    0.497026] EDAC MC: Ver: 3.0.0
[    0.497026] Registered efivars operations
[    0.497026] NetLabel: Initializing
[    0.497026] NetLabel:  domain hash size = 128
[    0.497026] NetLabel:  protocols = UNLABELED CIPSOv4 CALIPSO
[    0.497026] NetLabel:  unlabeled traffic allowed by default
[    0.497026] PCI: Using ACPI for IRQ routing
[    0.499642] PCI: pci_cache_line_size set to 64 bytes
[    0.500612] e820: reserve RAM buffer [mem 0x09c3f000-0x0bffffff]
[    0.500613] e820: reserve RAM buffer [mem 0x0a200000-0x0bffffff]
[    0.500613] e820: reserve RAM buffer [mem 0xb5b43018-0xb7ffffff]
[    0.500614] e820: reserve RAM buffer [mem 0xb5b61018-0xb7ffffff]
[    0.500615] e820: reserve RAM buffer [mem 0xb5d06000-0xb7ffffff]
[    0.500615] e820: reserve RAM buffer [mem 0xb6372000-0xb7ffffff]
[    0.500616] e820: reserve RAM buffer [mem 0xb63d1000-0xb7ffffff]
[    0.500616] e820: reserve RAM buffer [mem 0xbaeb1000-0xbbffffff]
[    0.500616] e820: reserve RAM buffer [mem 0xbf000000-0xbfffffff]
[    0.500617] e820: reserve RAM buffer [mem 0x83f300000-0x83fffffff]
[    0.500629] hpet0: at MMIO 0xfed00000, IRQs 2, 8, 0
[    0.500629] hpet0: 3 comparators, 32-bit 14.318180 MHz counter
[    0.502663] clocksource: Switched to clocksource tsc-early
[    0.505075] VFS: Disk quotas dquot_6.6.0
[    0.505084] VFS: Dquot-cache hash table entries: 512 (order 0, 4096 bytes)
[    0.505135] AppArmor: AppArmor Filesystem Enabled
[    0.505150] pnp: PnP ACPI init
[    0.505202] system 00:00: [mem 0xf0000000-0xf7ffffff] has been reserved
[    0.505266] system 00:01: [mem 0xfd200000-0xfd2fffff] has been reserved
[    0.505382] system 00:03: [io  0x0a00-0x0a2f] has been reserved
[    0.505383] system 00:03: [io  0x0a30-0x0a3f] has been reserved
[    0.505384] system 00:03: [io  0x0a40-0x0a4f] has been reserved
[    0.505531] system 00:04: [io  0x04d0-0x04d1] has been reserved
[    0.505532] system 00:04: [io  0x040b] has been reserved
[    0.505532] system 00:04: [io  0x04d6] has been reserved
[    0.505533] system 00:04: [io  0x0c00-0x0c01] has been reserved
[    0.505534] system 00:04: [io  0x0c14] has been reserved
[    0.505534] system 00:04: [io  0x0c50-0x0c51] has been reserved
[    0.505535] system 00:04: [io  0x0c52] has been reserved
[    0.505535] system 00:04: [io  0x0c6c] has been reserved
[    0.505536] system 00:04: [io  0x0c6f] has been reserved
[    0.505536] system 00:04: [io  0x0cd8-0x0cdf] has been reserved
[    0.505537] system 00:04: [io  0x0800-0x089f] has been reserved
[    0.505537] system 00:04: [io  0x0b00-0x0b0f] has been reserved
[    0.505538] system 00:04: [io  0x0b20-0x0b3f] has been reserved
[    0.505538] system 00:04: [io  0x0900-0x090f] has been reserved
[    0.505539] system 00:04: [io  0x0910-0x091f] has been reserved
[    0.505540] system 00:04: [mem 0xfec00000-0xfec00fff] could not be reserved
[    0.505540] system 00:04: [mem 0xfec01000-0xfec01fff] could not be reserved
[    0.505541] system 00:04: [mem 0xfedc0000-0xfedc0fff] has been reserved
[    0.505542] system 00:04: [mem 0xfee00000-0xfee00fff] has been reserved
[    0.505542] system 00:04: [mem 0xfed80000-0xfed8ffff] could not be reserved
[    0.505543] system 00:04: [mem 0xfec10000-0xfec10fff] has been reserved
[    0.505544] system 00:04: [mem 0xff000000-0xffffffff] has been reserved
[    0.505888] pnp: PnP ACPI: found 5 devices
[    0.511139] clocksource: acpi_pm: mask: 0xffffff max_cycles: 0xffffff, max_idle_ns: 2085701024 ns
[    0.511174] NET: Registered PF_INET protocol family
[    0.511287] IP idents hash table entries: 262144 (order: 9, 2097152 bytes, linear)
[    0.512167] tcp_listen_portaddr_hash hash table entries: 16384 (order: 6, 262144 bytes, linear)
[    0.512292] TCP established hash table entries: 262144 (order: 9, 2097152 bytes, linear)
[    0.512477] TCP bind hash table entries: 65536 (order: 8, 1048576 bytes, linear)
[    0.512517] TCP: Hash tables configured (established 262144 bind 65536)
[    0.512598] MPTCP token hash table entries: 32768 (order: 7, 786432 bytes, linear)
[    0.512642] UDP hash table entries: 16384 (order: 7, 524288 bytes, linear)
[    0.512692] UDP-Lite hash table entries: 16384 (order: 7, 524288 bytes, linear)
[    0.512741] NET: Registered PF_UNIX/PF_LOCAL protocol family
[    0.512744] NET: Registered PF_XDP protocol family
[    0.512750] pci 0000:00:01.1: PCI bridge to [bus 01]
[    0.512753] pci 0000:00:01.1:   bridge window [mem 0xfcf00000-0xfcffffff]
[    0.512756] pci 0000:03:03.0: PCI bridge to [bus 04]
[    0.512758] pci 0000:03:03.0:   bridge window [io  0xf000-0xffff]
[    0.512763] pci 0000:03:03.0:   bridge window [mem 0xfc700000-0xfc7fffff]
[    0.512771] pci 0000:03:08.0: PCI bridge to [bus 05]
[    0.512775] pci 0000:03:08.0:   bridge window [mem 0xfc300000-0xfc4fffff]
[    0.512782] pci 0000:03:09.0: PCI bridge to [bus 06]
[    0.512786] pci 0000:03:09.0:   bridge window [mem 0xfc600000-0xfc6fffff]
[    0.512793] pci 0000:03:0a.0: PCI bridge to [bus 07]
[    0.512797] pci 0000:03:0a.0:   bridge window [mem 0xfc500000-0xfc5fffff]
[    0.512805] pci 0000:02:00.0: PCI bridge to [bus 03-07]
[    0.512806] pci 0000:02:00.0:   bridge window [io  0xf000-0xffff]
[    0.512810] pci 0000:02:00.0:   bridge window [mem 0xfc300000-0xfc7fffff]
[    0.512818] pci 0000:00:01.2: PCI bridge to [bus 02-07]
[    0.512819] pci 0000:00:01.2:   bridge window [io  0xf000-0xffff]
[    0.512820] pci 0000:00:01.2:   bridge window [mem 0xfc300000-0xfc7fffff]
[    0.512824] pci 0000:09:00.0: PCI bridge to [bus 0a]
[    0.512825] pci 0000:09:00.0:   bridge window [io  0xe000-0xefff]
[    0.512828] pci 0000:09:00.0:   bridge window [mem 0xfc800000-0xfcafffff]
[    0.512830] pci 0000:09:00.0:   bridge window [mem 0xd0000000-0xe01fffff 64bit pref]
[    0.512834] pci 0000:08:00.0: PCI bridge to [bus 09-0a]
[    0.512835] pci 0000:08:00.0:   bridge window [io  0xe000-0xefff]
[    0.512838] pci 0000:08:00.0:   bridge window [mem 0xfc800000-0xfcafffff]
[    0.512840] pci 0000:08:00.0:   bridge window [mem 0xd0000000-0xe01fffff 64bit pref]
[    0.512844] pci 0000:00:03.1: PCI bridge to [bus 08-0a]
[    0.512845] pci 0000:00:03.1:   bridge window [io  0xe000-0xefff]
[    0.512846] pci 0000:00:03.1:   bridge window [mem 0xfc800000-0xfcbfffff]
[    0.512848] pci 0000:00:03.1:   bridge window [mem 0xd0000000-0xe01fffff 64bit pref]
[    0.512850] pci 0000:00:07.1: PCI bridge to [bus 0b]
[    0.512854] pci 0000:00:08.1: PCI bridge to [bus 0c]
[    0.512856] pci 0000:00:08.1:   bridge window [mem 0xfcc00000-0xfcefffff]
[    0.512859] pci_bus 0000:00: resource 4 [io  0x0000-0x0cf7 window]
[    0.512860] pci_bus 0000:00: resource 5 [io  0x0d00-0xffff window]
[    0.512861] pci_bus 0000:00: resource 6 [mem 0x000a0000-0x000dffff window]
[    0.512861] pci_bus 0000:00: resource 7 [mem 0xc0000000-0xfec02fff window]
[    0.512862] pci_bus 0000:00: resource 8 [mem 0xfee00000-0xffffffff window]
[    0.512862] pci_bus 0000:01: resource 1 [mem 0xfcf00000-0xfcffffff]
[    0.512863] pci_bus 0000:02: resource 0 [io  0xf000-0xffff]
[    0.512863] pci_bus 0000:02: resource 1 [mem 0xfc300000-0xfc7fffff]
[    0.512864] pci_bus 0000:03: resource 0 [io  0xf000-0xffff]
[    0.512864] pci_bus 0000:03: resource 1 [mem 0xfc300000-0xfc7fffff]
[    0.512865] pci_bus 0000:04: resource 0 [io  0xf000-0xffff]
[    0.512865] pci_bus 0000:04: resource 1 [mem 0xfc700000-0xfc7fffff]
[    0.512866] pci_bus 0000:05: resource 1 [mem 0xfc300000-0xfc4fffff]
[    0.512866] pci_bus 0000:06: resource 1 [mem 0xfc600000-0xfc6fffff]
[    0.512867] pci_bus 0000:07: resource 1 [mem 0xfc500000-0xfc5fffff]
[    0.512867] pci_bus 0000:08: resource 0 [io  0xe000-0xefff]
[    0.512868] pci_bus 0000:08: resource 1 [mem 0xfc800000-0xfcbfffff]
[    0.512868] pci_bus 0000:08: resource 2 [mem 0xd0000000-0xe01fffff 64bit pref]
[    0.512869] pci_bus 0000:09: resource 0 [io  0xe000-0xefff]
[    0.512869] pci_bus 0000:09: resource 1 [mem 0xfc800000-0xfcafffff]
[    0.512869] pci_bus 0000:09: resource 2 [mem 0xd0000000-0xe01fffff 64bit pref]
[    0.512870] pci_bus 0000:0a: resource 0 [io  0xe000-0xefff]
[    0.512870] pci_bus 0000:0a: resource 1 [mem 0xfc800000-0xfcafffff]
[    0.512871] pci_bus 0000:0a: resource 2 [mem 0xd0000000-0xe01fffff 64bit pref]
[    0.512871] pci_bus 0000:0c: resource 1 [mem 0xfcc00000-0xfcefffff]
[    0.513212] pci 0000:0a:00.1: D0 power state depends on 0000:0a:00.0
[    0.513257] pci 0000:0a:00.2: D0 power state depends on 0000:0a:00.0
[    0.513381] pci 0000:0a:00.3: D0 power state depends on 0000:0a:00.0
[    0.513483] PCI: CLS 64 bytes, default 64
[    0.513487] pci 0000:00:00.2: AMD-Vi: IOMMU performance counters supported
[    0.513504] pci 0000:00:01.0: Adding to iommu group 0
[    0.513510] pci 0000:00:01.1: Adding to iommu group 1
[    0.513514] pci 0000:00:01.2: Adding to iommu group 2
[    0.513519] pci 0000:00:02.0: Adding to iommu group 3
[    0.513520] Trying to unpack rootfs image as initramfs...
[    0.513525] pci 0000:00:03.0: Adding to iommu group 4
[    0.513529] pci 0000:00:03.1: Adding to iommu group 5
[    0.513534] pci 0000:00:04.0: Adding to iommu group 6
[    0.513539] pci 0000:00:05.0: Adding to iommu group 7
[    0.513544] pci 0000:00:07.0: Adding to iommu group 8
[    0.513548] pci 0000:00:07.1: Adding to iommu group 9
[    0.513554] pci 0000:00:08.0: Adding to iommu group 10
[    0.513558] pci 0000:00:08.1: Adding to iommu group 11
[    0.513565] pci 0000:00:14.0: Adding to iommu group 12
[    0.513568] pci 0000:00:14.3: Adding to iommu group 12
[    0.513583] pci 0000:00:18.0: Adding to iommu group 13
[    0.513587] pci 0000:00:18.1: Adding to iommu group 13
[    0.513591] pci 0000:00:18.2: Adding to iommu group 13
[    0.513594] pci 0000:00:18.3: Adding to iommu group 13
[    0.513598] pci 0000:00:18.4: Adding to iommu group 13
[    0.513601] pci 0000:00:18.5: Adding to iommu group 13
[    0.513605] pci 0000:00:18.6: Adding to iommu group 13
[    0.513609] pci 0000:00:18.7: Adding to iommu group 13
[    0.513613] pci 0000:01:00.0: Adding to iommu group 14
[    0.513618] pci 0000:02:00.0: Adding to iommu group 15
[    0.513646] pci 0000:03:03.0: Adding to iommu group 16
[    0.513653] pci 0000:03:08.0: Adding to iommu group 17
[    0.513658] pci 0000:03:09.0: Adding to iommu group 18
[    0.513664] pci 0000:03:0a.0: Adding to iommu group 19
[    0.513691] pci 0000:04:00.0: Adding to iommu group 20
[    0.513693] pci 0000:05:00.0: Adding to iommu group 17
[    0.513695] pci 0000:05:00.1: Adding to iommu group 17
[    0.513696] pci 0000:05:00.3: Adding to iommu group 17
[    0.513698] pci 0000:06:00.0: Adding to iommu group 18
[    0.513700] pci 0000:07:00.0: Adding to iommu group 19
[    0.513705] pci 0000:08:00.0: Adding to iommu group 21
[    0.513710] pci 0000:09:00.0: Adding to iommu group 22
[    0.513718] pci 0000:0a:00.0: Adding to iommu group 23
[    0.513726] pci 0000:0a:00.1: Adding to iommu group 24
[    0.513733] pci 0000:0a:00.2: Adding to iommu group 25
[    0.513741] pci 0000:0a:00.3: Adding to iommu group 26
[    0.513745] pci 0000:0b:00.0: Adding to iommu group 27
[    0.513750] pci 0000:0c:00.0: Adding to iommu group 28
[    0.513756] pci 0000:0c:00.1: Adding to iommu group 29
[    0.513761] pci 0000:0c:00.3: Adding to iommu group 30
[    0.513766] pci 0000:0c:00.4: Adding to iommu group 31
[    0.517007] pci 0000:00:00.2: AMD-Vi: Found IOMMU cap 0x40
[    0.517009] AMD-Vi: Extended features (0x58f77ef22294a5a): PPR NX GT IA PC GA_vAPIC
[    0.517011] AMD-Vi: Interrupt remapping enabled
[    0.517081] PCI-DMA: Using software bounce buffering for IO (SWIOTLB)
[    0.517082] software IO TLB: mapped [mem 0x00000000b1ad0000-0x00000000b5ad0000] (64MB)
[    0.517110] LVT offset 0 assigned for vector 0x400
[    0.517392] perf: AMD IBS detected (0x000003ff)
[    0.517398] perf/amd_iommu: Detected AMD IOMMU #0 (2 banks, 4 counters/bank).
[    0.517757] Initialise system trusted keyrings
[    0.517763] Key type blacklist registered
[    0.517782] workingset: timestamp_bits=36 max_order=23 bucket_order=0
[    0.518326] zbud: loaded
[    0.518450] squashfs: version 4.0 (2009/01/31) Phillip Lougher
[    0.518508] fuse: init (API version 7.34)
[    0.518588] integrity: Platform Keyring initialized
[    0.520963] Key type asymmetric registered
[    0.520964] Asymmetric key parser 'x509' registered
[    0.520974] Block layer SCSI generic (bsg) driver version 0.4 loaded (major 243)
[    0.520998] io scheduler mq-deadline registered
[    0.521892] pcieport 0000:00:01.1: PME: Signaling with IRQ 29
[    0.521929] pcieport 0000:00:01.1: AER: enabled with IRQ 29
[    0.522006] pcieport 0000:00:01.2: PME: Signaling with IRQ 30
[    0.522039] pcieport 0000:00:01.2: AER: enabled with IRQ 30
[    0.522116] pcieport 0000:00:03.1: PME: Signaling with IRQ 31
[    0.522146] pcieport 0000:00:03.1: AER: enabled with IRQ 31
[    0.522261] pcieport 0000:00:07.1: PME: Signaling with IRQ 33
[    0.522290] pcieport 0000:00:07.1: AER: enabled with IRQ 33
[    0.522353] pcieport 0000:00:08.1: PME: Signaling with IRQ 34
[    0.522386] pcieport 0000:00:08.1: AER: enabled with IRQ 34
[    0.523455] shpchp: Standard Hot Plug PCI Controller Driver version: 0.4
[    0.523533] input: Power Button as /devices/LNXSYSTM:00/LNXSYBUS:00/PNP0C0C:00/input/input0
[    0.523542] ACPI: button: Power Button [PWRB]
[    0.523555] input: Power Button as /devices/LNXSYSTM:00/LNXPWRBN:00/input/input1
[    0.523570] ACPI: button: Power Button [PWRF]
[    0.527258] smpboot: Estimated ratio of average max frequency by base frequency (times 1024): 1277
[    0.527268] Monitor-Mwait will be used to enter C-1 state
[    0.527271] ACPI: \_PR_.C000: Found 2 idle states
[    0.533142] ACPI: \_PR_.C002: Found 2 idle states
[    0.533223] ACPI: \_PR_.C004: Found 2 idle states
[    0.533314] ACPI: \_PR_.C006: Found 2 idle states
[    0.533405] ACPI: \_PR_.C008: Found 2 idle states
[    0.533498] ACPI: \_PR_.C00A: Found 2 idle states
[    0.533583] ACPI: \_PR_.C00C: Found 2 idle states
[    0.533658] ACPI: \_PR_.C00E: Found 2 idle states
[    0.533713] ACPI: \_PR_.C010: Found 2 idle states
[    0.533790] ACPI: \_PR_.C012: Found 2 idle states
[    0.533874] ACPI: \_PR_.C014: Found 2 idle states
[    0.533954] ACPI: \_PR_.C016: Found 2 idle states
[    0.534035] ACPI: \_PR_.C018: Found 2 idle states
[    0.534118] ACPI: \_PR_.C01A: Found 2 idle states
[    0.534200] ACPI: \_PR_.C01C: Found 2 idle states
[    0.534278] ACPI: \_PR_.C01E: Found 2 idle states
[    0.534336] ACPI: \_PR_.C001: Found 2 idle states
[    0.534409] ACPI: \_PR_.C003: Found 2 idle states
[    0.534461] ACPI: \_PR_.C005: Found 2 idle states
[    0.534522] ACPI: \_PR_.C007: Found 2 idle states
[    0.534585] ACPI: \_PR_.C009: Found 2 idle states
[    0.534647] ACPI: \_PR_.C00B: Found 2 idle states
[    0.534710] ACPI: \_PR_.C00D: Found 2 idle states
[    0.534775] ACPI: \_PR_.C00F: Found 2 idle states
[    0.534837] ACPI: \_PR_.C011: Found 2 idle states
[    0.534900] ACPI: \_PR_.C013: Found 2 idle states
[    0.534966] ACPI: \_PR_.C015: Found 2 idle states
[    0.535031] ACPI: \_PR_.C017: Found 2 idle states
[    0.535099] ACPI: \_PR_.C019: Found 2 idle states
[    0.535163] ACPI: \_PR_.C01B: Found 2 idle states
[    0.535232] ACPI: \_PR_.C01D: Found 2 idle states
[    0.535300] ACPI: \_PR_.C01F: Found 2 idle states
[    0.694522] Freeing initrd memory: 65700K
[    1.520883] tsc: Refined TSC clocksource calibration: 3399.999 MHz
[    1.520892] clocksource: tsc: mask: 0xffffffffffffffff max_cycles: 0x31024d9464a, max_idle_ns: 440795287124 ns
[    1.520956] clocksource: Switched to clocksource tsc
[    2.546261] ACPI: \_TZ_.TZ10: Invalid passive threshold
[    2.546449] thermal LNXTHERM:00: registered as thermal_zone0
[    2.546450] ACPI: thermal: Thermal Zone [TZ10] (17 C)
[    2.546499] ACPI: \_TZ_.PCT0: Invalid passive threshold
[    2.546532] thermal LNXTHERM:01: registered as thermal_zone1
[    2.546533] ACPI: thermal: Thermal Zone [PCT0] (17 C)
[    2.546687] Serial: 8250/16550 driver, 32 ports, IRQ sharing enabled
[    2.547400] Linux agpgart interface v0.103
[    2.608072] loop: module loaded
[    2.608207] tun: Universal TUN/TAP device driver, 1.6
[    2.608222] PPP generic driver version 2.4.2
[    2.608250] VFIO - User Level meta-driver version: 0.3
[    2.608314] ehci_hcd: USB 2.0 'Enhanced' Host Controller (EHCI) Driver
[    2.608315] ehci-pci: EHCI PCI platform driver
[    2.608319] ehci-platform: EHCI generic platform driver
[    2.608321] ohci_hcd: USB 1.1 'Open' Host Controller (OHCI) Driver
[    2.608322] ohci-pci: OHCI PCI platform driver
[    2.608326] ohci-platform: OHCI generic platform driver
[    2.608328] uhci_hcd: USB Universal Host Controller Interface driver
[    2.608342] i8042: PNP: No PS/2 controller found.
[    2.608370] mousedev: PS/2 mouse device common for all mice
[    2.608424] rtc_cmos 00:02: RTC can wake from S4
[    2.608580] rtc_cmos 00:02: registered as rtc0
[    2.608614] rtc_cmos 00:02: setting system clock to 2022-07-07T00:01:57 UTC (1657152117)
[    2.608623] rtc_cmos 00:02: alarms up to one month, y3k, 114 bytes nvram, hpet irqs
[    2.608627] i2c_dev: i2c /dev entries driver
[    2.608634] device-mapper: core: CONFIG_IMA_DISABLE_HTABLE is disabled. Duplicate IMA measurements will not be recorded in the IMA log.
[    2.608648] device-mapper: uevent: version 1.0.3
[    2.608668] device-mapper: ioctl: 4.45.0-ioctl (2021-03-22) initialised: dm-devel@redhat.com
[    2.608675] platform eisa.0: Probing EISA bus 0
[    2.608676] platform eisa.0: EISA: Cannot allocate resource for mainboard
[    2.608677] platform eisa.0: Cannot allocate resource for EISA slot 1
[    2.608678] platform eisa.0: Cannot allocate resource for EISA slot 2
[    2.608678] platform eisa.0: Cannot allocate resource for EISA slot 3
[    2.608678] platform eisa.0: Cannot allocate resource for EISA slot 4
[    2.608679] platform eisa.0: Cannot allocate resource for EISA slot 5
[    2.608679] platform eisa.0: Cannot allocate resource for EISA slot 6
[    2.608680] platform eisa.0: Cannot allocate resource for EISA slot 7
[    2.608680] platform eisa.0: Cannot allocate resource for EISA slot 8
[    2.608680] platform eisa.0: EISA: Detected 0 cards
[    2.608682] amd_pstate: This processor supports shared memory solution, you can enable it with amd_pstate.shared_mem=1
[    2.609274] ledtrig-cpu: registered to indicate activity on CPUs
[    2.609283] efifb: probing for efifb
[    2.609297] efifb: showing boot graphics
[    2.609955] efifb: framebuffer at 0xd0000000, using 3072k, total 3072k
[    2.609955] efifb: mode is 1024x768x32, linelength=4096, pages=1
[    2.609956] efifb: scrolling: redraw
[    2.609956] efifb: Truecolor: size=8:8:8:8, shift=24:16:8:0
[    2.609976] fbcon: Deferring console take-over
[    2.609977] fb0: EFI VGA frame buffer device
[    2.609979] EFI Variables Facility v0.08 2004-May-17
[    2.610991] drop_monitor: Initializing network drop monitor service
[    2.611054] NET: Registered PF_INET6 protocol family
[    2.613717] Segment Routing with IPv6
[    2.613722] In-situ OAM (IOAM) with IPv6
[    2.613733] NET: Registered PF_PACKET protocol family
[    2.613761] Key type dns_resolver registered
[    2.615263] microcode: CPU0: patch_level=0x0a201016
[    2.615268] microcode: CPU1: patch_level=0x0a201016
[    2.615273] microcode: CPU2: patch_level=0x0a201016
[    2.615288] microcode: CPU3: patch_level=0x0a201016
[    2.615302] microcode: CPU4: patch_level=0x0a201016
[    2.615316] microcode: CPU5: patch_level=0x0a201016
[    2.615332] microcode: CPU6: patch_level=0x0a201016
[    2.615346] microcode: CPU7: patch_level=0x0a201016
[    2.615361] microcode: CPU8: patch_level=0x0a201016
[    2.615366] microcode: CPU9: patch_level=0x0a201016
[    2.615382] microcode: CPU10: patch_level=0x0a201016
[    2.615397] microcode: CPU11: patch_level=0x0a201016
[    2.615413] microcode: CPU12: patch_level=0x0a201016
[    2.615428] microcode: CPU13: patch_level=0x0a201016
[    2.615443] microcode: CPU14: patch_level=0x0a201016
[    2.615450] microcode: CPU15: patch_level=0x0a201016
[    2.615455] microcode: CPU16: patch_level=0x0a201016
[    2.615460] microcode: CPU17: patch_level=0x0a201016
[    2.615462] microcode: CPU18: patch_level=0x0a201016
[    2.615466] microcode: CPU19: patch_level=0x0a201016
[    2.615471] microcode: CPU20: patch_level=0x0a201016
[    2.615476] microcode: CPU21: patch_level=0x0a201016
[    2.615481] microcode: CPU22: patch_level=0x0a201016
[    2.615486] microcode: CPU23: patch_level=0x0a201016
[    2.615491] microcode: CPU24: patch_level=0x0a201016
[    2.615497] microcode: CPU25: patch_level=0x0a201016
[    2.615511] microcode: CPU26: patch_level=0x0a201016
[    2.615517] microcode: CPU27: patch_level=0x0a201016
[    2.615523] microcode: CPU28: patch_level=0x0a201016
[    2.615528] microcode: CPU29: patch_level=0x0a201016
[    2.615534] microcode: CPU30: patch_level=0x0a201016
[    2.615539] microcode: CPU31: patch_level=0x0a201016
[    2.615557] microcode: Microcode Update Driver: v2.2.
[    2.615942] resctrl: L3 allocation detected
[    2.615943] resctrl: MB allocation detected
[    2.615943] resctrl: L3 monitoring detected
[    2.615945] IPI shorthand broadcast: enabled
[    2.615950] sched_clock: Marking stable (2455710424, 160224266)->(2619541395, -3606705)
[    2.616481] registered taskstats version 1
[    2.616828] Loading compiled-in X.509 certificates
[    2.617132] Loaded X.509 cert 'Build time autogenerated kernel key: 7f2e266096ca6df1a1e0bcd33100abd18aeaa3ca'
[    2.617369] Loaded X.509 cert 'Canonical Ltd. Live Patch Signing: 14df34d1a87cf37625abec039ef2bf521249b969'
[    2.617600] Loaded X.509 cert 'Canonical Ltd. Kernel Module Signing: 88f752e560a1e0737e31163a466ad7b70a850c19'
[    2.617601] blacklist: Loading compiled-in revocation X.509 certificates
[    2.617609] Loaded X.509 cert 'Canonical Ltd. Secure Boot Signing: 61482aa2830d0ab2ad5af10b7250da9033ddcef0'
[    2.617947] zswap: loaded using pool lzo/zbud
[    2.618968] Key type ._fscrypt registered
[    2.618969] Key type .fscrypt registered
[    2.618970] Key type fscrypt-provisioning registered
[    2.619883] Key type trusted registered
[    2.620933] Key type encrypted registered
[    2.620934] AppArmor: AppArmor sha1 policy hashing enabled
[    2.620991] integrity: Loading X.509 certificate: UEFI:MokListRT (MOKvar table)
[    2.621124] integrity: Loaded X.509 cert 'Canonical Ltd. Master Certificate Authority: ad91990bc22ab1f517048c23b6655a268e345a63'
[    2.621127] Loading compiled-in module X.509 certificates
[    2.621384] Loaded X.509 cert 'Build time autogenerated kernel key: 7f2e266096ca6df1a1e0bcd33100abd18aeaa3ca'
[    2.621385] ima: Allocated hash algorithm: sha1
[    2.764943] ima: No architecture policies found
[    2.764955] evm: Initialising EVM extended attributes:
[    2.764956] evm: security.selinux
[    2.764957] evm: security.SMACK64
[    2.764958] evm: security.SMACK64EXEC
[    2.764958] evm: security.SMACK64TRANSMUTE
[    2.764958] evm: security.SMACK64MMAP
[    2.764959] evm: security.apparmor
[    2.764959] evm: security.ima
[    2.764959] evm: security.capability
[    2.764960] evm: HMAC attrs: 0x1
[    2.765186] PM:   Magic number: 14:488:0
[    2.765266] memory memory48: hash matches
[    2.785959] RAS: Correctable Errors collector initialized.
[    2.786639] Freeing unused decrypted memory: 2036K
[    2.786896] Freeing unused kernel image (initmem) memory: 2904K
[    2.800593] Write protecting the kernel read-only data: 30720k
[    2.801295] Freeing unused kernel image (text/rodata gap) memory: 2036K
[    2.801520] Freeing unused kernel image (rodata/data gap) memory: 1492K
[    2.820406] x86/mm: Checked W+X mappings: passed, no W+X pages found.
[    2.820409] Run /init as init process
[    2.820410]   with arguments:
[    2.820410]     /init
[    2.820411]     splash
[    2.820411]   with environment:
[    2.820412]     HOME=/
[    2.820412]     TERM=linux
[    2.820412]     BOOT_IMAGE=/boot/vmlinuz-5.15.0-40-generic
[    2.869689] dca service started, version 1.12.1
[    2.869755] ACPI Warning: SystemIO range 0x0000000000000B00-0x0000000000000B08 conflicts with OpRegion 0x0000000000000B00-0x0000000000000B0F (\GSA1.SMBI) (20210730/utaddress-204)
[    2.869761] ACPI: OSL: Resource conflict; ACPI support missing from driver?
[    2.870664] ahci 0000:06:00.0: version 3.0
[    2.870713] xhci_hcd 0000:05:00.1: xHCI Host Controller
[    2.870723] xhci_hcd 0000:05:00.1: new USB bus registered, assigned bus number 1
[    2.870870] xhci_hcd 0000:05:00.1: hcc params 0x0278ffe5 hci version 0x110 quirks 0x0000000000000410
[    2.870916] nvme nvme0: pci function 0000:01:00.0
[    2.871402] acpi PNP0C14:01: duplicate WMI GUID 05901221-D566-11D1-B2F0-00A0C9062910 (first instance was on PNP0C14:00)
[    2.871924] ahci 0000:06:00.0: AHCI 0001.0301 32 slots 3 ports 6 Gbps 0x1c impl SATA mode
[    2.871926] ahci 0000:06:00.0: flags: 64bit ncq sntf ilck pm led clo only pmp fbs pio slum part sxs 
[    2.871988] usb usb1: New USB device found, idVendor=1d6b, idProduct=0002, bcdDevice= 5.15
[    2.871990] usb usb1: New USB device strings: Mfr=3, Product=2, SerialNumber=1
[    2.871991] usb usb1: Product: xHCI Host Controller
[    2.871992] usb usb1: Manufacturer: Linux 5.15.0-40-generic xhci-hcd
[    2.871993] usb usb1: SerialNumber: 0000:05:00.1
[    2.872093] hub 1-0:1.0: USB hub found
[    2.872102] hub 1-0:1.0: 6 ports detected
[    2.872451] igb: Intel(R) Gigabit Ethernet Network Driver
[    2.872452] igb: Copyright (c) 2007-2014 Intel Corporation.
[    2.872641] xhci_hcd 0000:05:00.1: xHCI Host Controller
[    2.872643] xhci_hcd 0000:05:00.1: new USB bus registered, assigned bus number 2
[    2.872644] xhci_hcd 0000:05:00.1: Host supports USB 3.1 Enhanced SuperSpeed
[    2.872662] usb usb2: We don't know the algorithms for LPM for this host, disabling LPM.
[    2.872671] usb usb2: New USB device found, idVendor=1d6b, idProduct=0003, bcdDevice= 5.15
[    2.872673] usb usb2: New USB device strings: Mfr=3, Product=2, SerialNumber=1
[    2.872673] usb usb2: Product: xHCI Host Controller
[    2.872674] usb usb2: Manufacturer: Linux 5.15.0-40-generic xhci-hcd
[    2.872674] usb usb2: SerialNumber: 0000:05:00.1
[    2.872687] scsi host0: ahci
[    2.872860] hub 2-0:1.0: USB hub found
[    2.872867] hub 2-0:1.0: 4 ports detected
[    2.872903] scsi host1: ahci
[    2.873032] scsi host2: ahci
[    2.873156] scsi host3: ahci
[    2.873159] xhci_hcd 0000:05:00.3: xHCI Host Controller
[    2.873162] xhci_hcd 0000:05:00.3: new USB bus registered, assigned bus number 3
[    2.873254] scsi host4: ahci
[    2.873282] ata1: DUMMY
[    2.873283] ata2: DUMMY
[    2.873285] ata3: SATA max UDMA/133 abar m2048@0xfc600000 port 0xfc600200 irq 47
[    2.873287] ata4: SATA max UDMA/133 abar m2048@0xfc600000 port 0xfc600280 irq 48
[    2.873290] ata5: SATA max UDMA/133 abar m2048@0xfc600000 port 0xfc600300 irq 49
[    2.873301] xhci_hcd 0000:05:00.3: hcc params 0x0278ffe5 hci version 0x110 quirks 0x0000000000000410
[    2.873681] ahci 0000:07:00.0: AHCI 0001.0301 32 slots 4 ports 6 Gbps 0x33 impl SATA mode
[    2.873683] ahci 0000:07:00.0: flags: 64bit ncq sntf ilck pm led clo only pmp fbs pio slum part sxs 
[    2.873765] usb usb3: New USB device found, idVendor=1d6b, idProduct=0002, bcdDevice= 5.15
[    2.873767] usb usb3: New USB device strings: Mfr=3, Product=2, SerialNumber=1
[    2.873768] usb usb3: Product: xHCI Host Controller
[    2.873769] usb usb3: Manufacturer: Linux 5.15.0-40-generic xhci-hcd
[    2.873769] usb usb3: SerialNumber: 0000:05:00.3
[    2.873867] hub 3-0:1.0: USB hub found
[    2.873877] hub 3-0:1.0: 6 ports detected
[    2.874330] xhci_hcd 0000:05:00.3: xHCI Host Controller
[    2.874331] xhci_hcd 0000:05:00.3: new USB bus registered, assigned bus number 4
[    2.874332] xhci_hcd 0000:05:00.3: Host supports USB 3.1 Enhanced SuperSpeed
[    2.874342] usb usb4: We don't know the algorithms for LPM for this host, disabling LPM.
[    2.874351] usb usb4: New USB device found, idVendor=1d6b, idProduct=0003, bcdDevice= 5.15
[    2.874352] usb usb4: New USB device strings: Mfr=3, Product=2, SerialNumber=1
[    2.874353] usb usb4: Product: xHCI Host Controller
[    2.874353] usb usb4: Manufacturer: Linux 5.15.0-40-generic xhci-hcd
[    2.874354] usb usb4: SerialNumber: 0000:05:00.3
[    2.874397] scsi host5: ahci
[    2.874466] hub 4-0:1.0: USB hub found
[    2.874473] hub 4-0:1.0: 4 ports detected
[    2.874488] scsi host6: ahci
[    2.874541] usb: port power management may be unreliable
[    2.874658] scsi host7: ahci
[    2.874856] scsi host8: ahci
[    2.874903] xhci_hcd 0000:0a:00.2: xHCI Host Controller
[    2.874906] xhci_hcd 0000:0a:00.2: new USB bus registered, assigned bus number 5
[    2.874945] scsi host9: ahci
[    2.874987] xhci_hcd 0000:0a:00.2: hcc params 0x0260ffe5 hci version 0x110 quirks 0x0000000000000010
[    2.875026] scsi host10: ahci
[    2.875126] ata6: SATA max UDMA/133 abar m2048@0xfc500000 port 0xfc500100 irq 76
[    2.875129] ata7: SATA max UDMA/133 abar m2048@0xfc500000 port 0xfc500180 irq 77
[    2.875130] ata8: DUMMY
[    2.875130] ata9: DUMMY
[    2.875132] ata10: SATA max UDMA/133 abar m2048@0xfc500000 port 0xfc500300 irq 80
[    2.875134] ata11: SATA max UDMA/133 abar m2048@0xfc500000 port 0xfc500380 irq 81
[    2.875302] usb usb5: New USB device found, idVendor=1d6b, idProduct=0002, bcdDevice= 5.15
[    2.875303] usb usb5: New USB device strings: Mfr=3, Product=2, SerialNumber=1
[    2.875304] usb usb5: Product: xHCI Host Controller
[    2.875305] usb usb5: Manufacturer: Linux 5.15.0-40-generic xhci-hcd
[    2.875305] usb usb5: SerialNumber: 0000:0a:00.2
[    2.875354] hub 5-0:1.0: USB hub found
[    2.875358] hub 5-0:1.0: 2 ports detected
[    2.875428] xhci_hcd 0000:0a:00.2: xHCI Host Controller
[    2.875429] xhci_hcd 0000:0a:00.2: new USB bus registered, assigned bus number 6
[    2.875430] xhci_hcd 0000:0a:00.2: Host supports USB 3.1 Enhanced SuperSpeed
[    2.875438] usb usb6: We don't know the algorithms for LPM for this host, disabling LPM.
[    2.875447] usb usb6: New USB device found, idVendor=1d6b, idProduct=0003, bcdDevice= 5.15
[    2.875447] usb usb6: New USB device strings: Mfr=3, Product=2, SerialNumber=1
[    2.875448] usb usb6: Product: xHCI Host Controller
[    2.875448] usb usb6: Manufacturer: Linux 5.15.0-40-generic xhci-hcd
[    2.875449] usb usb6: SerialNumber: 0000:0a:00.2
[    2.875497] hub 6-0:1.0: USB hub found
[    2.875500] hub 6-0:1.0: 1 port detected
[    2.875589] xhci_hcd 0000:0c:00.3: xHCI Host Controller
[    2.875592] xhci_hcd 0000:0c:00.3: new USB bus registered, assigned bus number 7
[    2.875681] xhci_hcd 0000:0c:00.3: hcc params 0x0278ffe5 hci version 0x110 quirks 0x0000000000000410
[    2.875894] usb usb7: New USB device found, idVendor=1d6b, idProduct=0002, bcdDevice= 5.15
[    2.875894] usb usb7: New USB device strings: Mfr=3, Product=2, SerialNumber=1
[    2.875895] usb usb7: Product: xHCI Host Controller
[    2.875895] usb usb7: Manufacturer: Linux 5.15.0-40-generic xhci-hcd
[    2.875896] usb usb7: SerialNumber: 0000:0c:00.3
[    2.875958] hub 7-0:1.0: USB hub found
[    2.875962] hub 7-0:1.0: 4 ports detected
[    2.876101] xhci_hcd 0000:0c:00.3: xHCI Host Controller
[    2.876102] xhci_hcd 0000:0c:00.3: new USB bus registered, assigned bus number 8
[    2.876103] xhci_hcd 0000:0c:00.3: Host supports USB 3.1 Enhanced SuperSpeed
[    2.876109] usb usb8: We don't know the algorithms for LPM for this host, disabling LPM.
[    2.876117] usb usb8: New USB device found, idVendor=1d6b, idProduct=0003, bcdDevice= 5.15
[    2.876118] usb usb8: New USB device strings: Mfr=3, Product=2, SerialNumber=1
[    2.876119] usb usb8: Product: xHCI Host Controller
[    2.876119] usb usb8: Manufacturer: Linux 5.15.0-40-generic xhci-hcd
[    2.876119] usb usb8: SerialNumber: 0000:0c:00.3
[    2.876176] hub 8-0:1.0: USB hub found
[    2.876180] hub 8-0:1.0: 4 ports detected
[    2.883029] nvme nvme0: 32/0/0 default/read/poll queues
[    2.886083]  nvme0n1: p1 p2 p3 p4 p5
[    2.900980] pps pps0: new PPS source ptp0
[    2.901004] igb 0000:04:00.0: added PHC on eth0
[    2.901005] igb 0000:04:00.0: Intel(R) Gigabit Ethernet Network Connection
[    2.901006] igb 0000:04:00.0: eth0: (PCIe:2.5Gb/s:Width x1) b4:2e:99:a2:4f:37
[    2.901007] igb 0000:04:00.0: eth0: PBA No: FFFFFF-0FF
[    2.901008] igb 0000:04:00.0: Using MSI-X interrupts. 2 rx queue(s), 2 tx queue(s)
[    3.186818] ata11: SATA link down (SStatus 0 SControl 300)
[    3.186859] ata7: SATA link down (SStatus 0 SControl 300)
[    3.187032] ata4: SATA link down (SStatus 0 SControl 300)
[    3.187097] ata3: SATA link down (SStatus 0 SControl 300)
[    3.204609] usb 1-3: new high-speed USB device number 2 using xhci_hcd
[    3.212610] usb 5-2: new full-speed USB device number 2 using xhci_hcd
[    3.216611] usb 3-6: new high-speed USB device number 2 using xhci_hcd
[    3.348610] ata10: SATA link up 6.0 Gbps (SStatus 133 SControl 300)
[    3.348634] ata6: SATA link up 6.0 Gbps (SStatus 133 SControl 300)
[    3.348964] ata6.00: ATA-9: HGST HUH728080ALE600, A4GNT514, max UDMA/133
[    3.350084] ata10.00: ATA-8: HGST HDS724040ALE640, MJAOA580, max UDMA/133
[    3.350321] ata10.00: ATA Identify Device Log not supported
[    3.350322] ata10.00: 7814037168 sectors, multi 16: LBA48 NCQ (depth 32), AA
[    3.352120] ata10.00: ATA Identify Device Log not supported
[    3.352122] ata10.00: configured for UDMA/133
[    3.352607] ata5: SATA link up 6.0 Gbps (SStatus 133 SControl 300)
[    3.352712] ata6.00: 15628053168 sectors, multi 16: LBA48 NCQ (depth 32), AA
[    3.352714] ata6.00: Features: NCQ-prio
[    3.353245] ata5.00: ATA-11: WDC  WDS200T2B0B-00YS70, 411040WD, max UDMA/133
[    3.353867] ata5.00: 3907029168 sectors, multi 1: LBA48 NCQ (depth 32), AA
[    3.354949] ata5.00: Features: Dev-Sleep
[    3.357813] ata5.00: configured for UDMA/133
[    3.359135] ata6.00: configured for UDMA/133
[    3.359538] usb 1-3: New USB device found, idVendor=05e3, idProduct=0608, bcdDevice=85.36
[    3.359541] usb 1-3: New USB device strings: Mfr=0, Product=1, SerialNumber=0
[    3.359543] usb 1-3: Product: USB2.0 Hub
[    3.367600] usb 3-6: New USB device found, idVendor=05e3, idProduct=0608, bcdDevice=85.36
[    3.367602] usb 3-6: New USB device strings: Mfr=0, Product=1, SerialNumber=0
[    3.367603] usb 3-6: Product: USB2.0 Hub
[    3.368028] scsi 4:0:0:0: Direct-Access     ATA      WDC  WDS200T2B0B 40WD PQ: 0 ANSI: 5
[    3.368156] sd 4:0:0:0: Attached scsi generic sg0 type 0
[    3.368286] scsi 5:0:0:0: Direct-Access     ATA      HGST HUH728080AL T514 PQ: 0 ANSI: 5
[    3.368291] sd 4:0:0:0: [sda] 3907029168 512-byte logical blocks: (2.00 TB/1.82 TiB)
[    3.368304] sd 4:0:0:0: [sda] Write Protect is off
[    3.368306] sd 4:0:0:0: [sda] Mode Sense: 00 3a 00 00
[    3.368324] sd 4:0:0:0: [sda] Write cache: enabled, read cache: enabled, doesn't support DPO or FUA
[    3.368429] sd 5:0:0:0: Attached scsi generic sg1 type 0
[    3.368485] sd 5:0:0:0: [sdb] 15628053168 512-byte logical blocks: (8.00 TB/7.28 TiB)
[    3.368487] sd 5:0:0:0: [sdb] 4096-byte physical blocks
[    3.368500] sd 5:0:0:0: [sdb] Write Protect is off
[    3.368503] sd 5:0:0:0: [sdb] Mode Sense: 00 3a 00 00
[    3.368522] sd 5:0:0:0: [sdb] Write cache: enabled, read cache: enabled, doesn't support DPO or FUA
[    3.368592] scsi 9:0:0:0: Direct-Access     ATA      HGST HDS724040AL A580 PQ: 0 ANSI: 5
[    3.368786] sd 9:0:0:0: Attached scsi generic sg2 type 0
[    3.368812] sd 9:0:0:0: [sdc] 7814037168 512-byte logical blocks: (4.00 TB/3.64 TiB)
[    3.368814] sd 9:0:0:0: [sdc] 4096-byte physical blocks
[    3.368820] sd 9:0:0:0: [sdc] Write Protect is off
[    3.368822] sd 9:0:0:0: [sdc] Mode Sense: 00 3a 00 00
[    3.368834] sd 9:0:0:0: [sdc] Write cache: enabled, read cache: enabled, doesn't support DPO or FUA
[    3.387373] usb 5-2: New USB device found, idVendor=2516, idProduct=014d, bcdDevice= 1.04
[    3.387375] usb 5-2: New USB device strings: Mfr=3, Product=1, SerialNumber=0
[    3.387376] usb 5-2: Product: ARES
[    3.387377] usb 5-2: Manufacturer: Cooler Master Technology Inc.
[    3.403727] hid: raw HID events driver (C) Jiri Kosina
[    3.414216]  sda: sda1
[    3.417074] hub 1-3:1.0: USB hub found
[    3.417666] hub 1-3:1.0: 4 ports detected
[    3.418752] hub 3-6:1.0: USB hub found
[    3.419349] hub 3-6:1.0: 4 ports detected
[    3.419428] usbcore: registered new interface driver usbhid
[    3.419431] usbhid: USB HID core driver
[    3.443139]  sdb: sdb1
[    3.444658] sd 4:0:0:0: [sda] Attached SCSI disk
[    3.452142]  sdc: sdc1
[    3.468649] sd 5:0:0:0: [sdb] Attached SCSI removable disk
[    3.472644] sd 9:0:0:0: [sdc] Attached SCSI removable disk
[    3.473960] igb 0000:04:00.0 enp4s0: renamed from eth0
[    3.474712] input: Cooler Master Technology Inc. ARES as /devices/pci0000:00/0000:00:03.1/0000:08:00.0/0000:09:00.0/0000:0a:00.2/usb5/5-2/5-2:1.0/0003:2516:014D.0001/input/input2
[    3.532635] hid-generic 0003:2516:014D.0001: input,hidraw0: USB HID v1.11 Keyboard [Cooler Master Technology Inc. ARES] on usb-0000:0a:00.2-2/input0
[    3.532699] hid-generic 0003:2516:014D.0002: hiddev0,hidraw1: USB HID v1.11 Device [Cooler Master Technology Inc. ARES] on usb-0000:0a:00.2-2/input1
[    3.532754] input: Cooler Master Technology Inc. ARES System Control as /devices/pci0000:00/0000:00:03.1/0000:08:00.0/0000:09:00.0/0000:0a:00.2/usb5/5-2/5-2:1.2/0003:2516:014D.0003/input/input3
[    3.548615] usb 1-4: new full-speed USB device number 3 using xhci_hcd
[    3.592657] input: Cooler Master Technology Inc. ARES Consumer Control as /devices/pci0000:00/0000:00:03.1/0000:08:00.0/0000:09:00.0/0000:0a:00.2/usb5/5-2/5-2:1.2/0003:2516:014D.0003/input/input4
[    3.592744] hid-generic 0003:2516:014D.0003: input,hidraw2: USB HID v1.11 Device [Cooler Master Technology Inc. ARES] on usb-0000:0a:00.2-2/input2
[    3.719682] usb 1-4: New USB device found, idVendor=048d, idProduct=8297, bcdDevice= 0.03
[    3.719686] usb 1-4: New USB device strings: Mfr=1, Product=2, SerialNumber=0
[    3.719687] usb 1-4: Product: ITE Device(8595)
[    3.719688] usb 1-4: Manufacturer: ITE Tech. Inc.
[    3.729835] hid-generic 0003:048D:8297.0004: hiddev1,hidraw3: USB HID v1.10 Device [ITE Tech. Inc. ITE Device(8595)] on usb-0000:05:00.1-4/input0
[    3.784593] usb 1-3.1: new full-speed USB device number 4 using xhci_hcd
[    3.918677] usb 1-3.1: New USB device found, idVendor=1209, idProduct=2201, bcdDevice= 1.00
[    3.918680] usb 1-3.1: New USB device strings: Mfr=1, Product=2, SerialNumber=3
[    3.918682] usb 1-3.1: Product: Raise
[    3.918683] usb 1-3.1: Manufacturer: Dygma
[    3.918684] usb 1-3.1: SerialNumber: EF5375845053574C342E3120FF031C0EraiseD
[    4.037877] input: Dygma Raise Consumer Control as /devices/pci0000:00/0000:00:01.2/0000:02:00.0/0000:03:08.0/0000:05:00.1/usb1/1-3/1-3.1/1-3.1:1.2/0003:1209:2201.0005/input/input5
[    4.096656] input: Dygma Raise Keyboard as /devices/pci0000:00/0000:00:01.2/0000:02:00.0/0000:03:08.0/0000:05:00.1/usb1/1-3/1-3.1/1-3.1:1.2/0003:1209:2201.0005/input/input6
[    4.096706] input: Dygma Raise Mouse as /devices/pci0000:00/0000:00:01.2/0000:02:00.0/0000:03:08.0/0000:05:00.1/usb1/1-3/1-3.1/1-3.1:1.2/0003:1209:2201.0005/input/input7
[    4.096758] hid-generic 0003:1209:2201.0005: input,hidraw4: USB HID v1.01 Keyboard [Dygma Raise] on usb-0000:05:00.1-3.1/input2
[    4.103765] input: Dygma Raise as /devices/pci0000:00/0000:00:01.2/0000:02:00.0/0000:03:08.0/0000:05:00.1/usb1/1-3/1-3.1/1-3.1:1.3/0003:1209:2201.0006/input/input8
[    4.103843] hid-generic 0003:1209:2201.0006: input,hidraw5: USB HID v1.01 Mouse [Dygma Raise] on usb-0000:05:00.1-3.1/input3
[    4.184605] usb 1-3.2: new full-speed USB device number 5 using xhci_hcd
[    4.304672] usb 1-3.2: New USB device found, idVendor=1532, idProduct=005c, bcdDevice= 2.00
[    4.304675] usb 1-3.2: New USB device strings: Mfr=1, Product=2, SerialNumber=0
[    4.304677] usb 1-3.2: Product: Razer DeathAdder Elite
[    4.304678] usb 1-3.2: Manufacturer: Razer
[    4.414821] input: Razer Razer DeathAdder Elite as /devices/pci0000:00/0000:00:01.2/0000:02:00.0/0000:03:08.0/0000:05:00.1/usb1/1-3/1-3.2/1-3.2:1.0/0003:1532:005C.0007/input/input9
[    4.414876] hid-generic 0003:1532:005C.0007: input,hidraw6: USB HID v1.11 Mouse [Razer Razer DeathAdder Elite] on usb-0000:05:00.1-3.2/input0
[    4.419880] input: Razer Razer DeathAdder Elite Keyboard as /devices/pci0000:00/0000:00:01.2/0000:02:00.0/0000:03:08.0/0000:05:00.1/usb1/1-3/1-3.2/1-3.2:1.1/0003:1532:005C.0008/input/input10
[    4.476652] input: Razer Razer DeathAdder Elite as /devices/pci0000:00/0000:00:01.2/0000:02:00.0/0000:03:08.0/0000:05:00.1/usb1/1-3/1-3.2/1-3.2:1.1/0003:1532:005C.0008/input/input11
[    4.476703] hid-generic 0003:1532:005C.0008: input,hidraw7: USB HID v1.11 Keyboard [Razer Razer DeathAdder Elite] on usb-0000:05:00.1-3.2/input1
[    4.480827] input: Razer Razer DeathAdder Elite as /devices/pci0000:00/0000:00:01.2/0000:02:00.0/0000:03:08.0/0000:05:00.1/usb1/1-3/1-3.2/1-3.2:1.2/0003:1532:005C.0009/input/input12
[    4.540655] hid-generic 0003:1532:005C.0009: input,hidraw8: USB HID v1.11 Keyboard [Razer Razer DeathAdder Elite] on usb-0000:05:00.1-3.2/input2
[    4.620605] usb 1-3.3: new high-speed USB device number 6 using xhci_hcd
[    4.722797] usb 1-3.3: New USB device found, idVendor=05e3, idProduct=0608, bcdDevice=77.63
[    4.722800] usb 1-3.3: New USB device strings: Mfr=0, Product=1, SerialNumber=0
[    4.722801] usb 1-3.3: Product: USB2.0 Hub
[    4.761071] hub 1-3.3:1.0: USB hub found
[    4.761675] hub 1-3.3:1.0: 3 ports detected
[    4.844604] usb 1-3.4: new high-speed USB device number 7 using xhci_hcd
[    5.048605] usb 1-3.3.1: new low-speed USB device number 8 using xhci_hcd
[    5.202736] usb 1-3.3.1: New USB device found, idVendor=058f, idProduct=9410, bcdDevice= 1.22
[    5.202739] usb 1-3.3.1: New USB device strings: Mfr=1, Product=2, SerialNumber=0
[    5.202741] usb 1-3.3.1: Product: AC800HPB Kinesis Freestyle 2 Keypad
[    5.202742] usb 1-3.3.1: Manufacturer: KINESIS FREESTYLE 2 KEYPAD, AC800HPB
[    5.287885] input: KINESIS FREESTYLE 2 KEYPAD, AC800HPB AC800HPB Kinesis Freestyle 2 Keypad as /devices/pci0000:00/0000:00:01.2/0000:02:00.0/0000:03:08.0/0000:05:00.1/usb1/1-3/1-3.3/1-3.3.1/1-3.3.1:1.0/0003:058F:9410.000A/input/input13
[    5.344665] hid-generic 0003:058F:9410.000A: input,hidraw9: USB HID v1.10 Keyboard [KINESIS FREESTYLE 2 KEYPAD, AC800HPB AC800HPB Kinesis Freestyle 2 Keypad] on usb-0000:05:00.1-3.3.1/input0
[    5.354883] input: KINESIS FREESTYLE 2 KEYPAD, AC800HPB AC800HPB Kinesis Freestyle 2 Keypad System Control as /devices/pci0000:00/0000:00:01.2/0000:02:00.0/0000:03:08.0/0000:05:00.1/usb1/1-3/1-3.3/1-3.3.1/1-3.3.1:1.1/0003:058F:9410.000B/input/input14
[    5.412675] input: KINESIS FREESTYLE 2 KEYPAD, AC800HPB AC800HPB Kinesis Freestyle 2 Keypad Consumer Control as /devices/pci0000:00/0000:00:01.2/0000:02:00.0/0000:03:08.0/0000:05:00.1/usb1/1-3/1-3.3/1-3.3.1/1-3.3.1:1.1/0003:058F:9410.000B/input/input15
[    5.412730] hid-generic 0003:058F:9410.000B: input,hidraw10: USB HID v1.10 Device [KINESIS FREESTYLE 2 KEYPAD, AC800HPB AC800HPB Kinesis Freestyle 2 Keypad] on usb-0000:05:00.1-3.3.1/input1
[    7.171504] usb 1-3.4: New USB device found, idVendor=046d, idProduct=082d, bcdDevice= 0.11
[    7.171507] usb 1-3.4: New USB device strings: Mfr=0, Product=2, SerialNumber=1
[    7.171509] usb 1-3.4: Product: HD Pro Webcam C920
[    7.171510] usb 1-3.4: SerialNumber: B85AE15F
[    7.289059] input: KINESIS FREESTYLE 2 KEYPAD, AC800HPB AC800HPB Kinesis Freestyle 2 Keypad as /devices/pci0000:00/0000:00:01.2/0000:02:00.0/0000:03:08.0/0000:05:00.1/usb1/1-3/1-3.3/1-3.3.1/1-3.3.1:1.0/0003:058F:9410.000A/input/input16
[    7.348659] maltron 0003:058F:9410.000A: input,hidraw9: USB HID v1.10 Keyboard [KINESIS FREESTYLE 2 KEYPAD, AC800HPB AC800HPB Kinesis Freestyle 2 Keypad] on usb-0000:05:00.1-3.3.1/input0
[    7.404814] input: KINESIS FREESTYLE 2 KEYPAD, AC800HPB AC800HPB Kinesis Freestyle 2 Keypad as /devices/pci0000:00/0000:00:01.2/0000:02:00.0/0000:03:08.0/0000:05:00.1/usb1/1-3/1-3.3/1-3.3.1/1-3.3.1:1.1/0003:058F:9410.000B/input/input17
[    7.464656] maltron 0003:058F:9410.000B: input,hidraw10: USB HID v1.10 Device [KINESIS FREESTYLE 2 KEYPAD, AC800HPB AC800HPB Kinesis Freestyle 2 Keypad] on usb-0000:05:00.1-3.3.1/input1
[    7.564877] raid6: avx2x4   gen() 45617 MB/s
[    7.632597] raid6: avx2x4   xor()  7971 MB/s
[    7.700874] raid6: avx2x2   gen() 40551 MB/s
[    7.768597] raid6: avx2x2   xor() 45104 MB/s
[    7.836873] raid6: avx2x1   gen() 34058 MB/s
[    7.904597] raid6: avx2x1   xor() 37351 MB/s
[    7.972872] raid6: sse2x4   gen() 27920 MB/s
[    8.040598] raid6: sse2x4   xor()  4223 MB/s
[    8.108873] raid6: sse2x2   gen() 21421 MB/s
[    8.176597] raid6: sse2x2   xor() 23255 MB/s
[    8.244882] raid6: sse2x1   gen()  1318 MB/s
[    8.312597] raid6: sse2x1   xor() 20886 MB/s
[    8.312598] raid6: using algorithm avx2x4 gen() 45617 MB/s
[    8.312598] raid6: .... xor() 7971 MB/s, rmw enabled
[    8.312599] raid6: using avx2x2 recovery algorithm
[    8.313484] xor: automatically using best checksumming function   avx       
[    8.314058] async_tx: api initialized (async)
[    8.338110] fbcon: Taking over console
[    8.338153] Console: switching to colour frame buffer device 128x48
[    8.342345] EXT4-fs (nvme0n1p5): mounted filesystem with ordered data mode. Opts: (null). Quota mode: none.
[    8.419373] systemd[1]: Inserted module 'autofs4'
[    8.430589] systemd[1]: systemd 249.11-0ubuntu3.3 running in system mode (+PAM +AUDIT +SELINUX +APPARMOR +IMA +SMACK +SECCOMP +GCRYPT +GNUTLS +OPENSSL +ACL +BLKID +CURL +ELFUTILS +FIDO2 +IDN2 -IDN +IPTC +KMOD +LIBCRYPTSETUP -LIBFDISK +PCRE2 -PWQUALITY -P11KIT -QRENCODE +BZIP2 +LZ4 +XZ +ZLIB +ZSTD -XKBCOMMON +UTMP +SYSVINIT default-hierarchy=unified)
[    8.448624] systemd[1]: Detected architecture x86-64.
[    8.448972] systemd[1]: Hostname set to <graham-desktop>.
[    8.462002] systemd-fstab-generator[569]: Checking was requested for "192.168.86.49:/volume1/d8", but it is not a device.
[    8.538210] systemd[1]: Queued start job for default target Graphical Interface.
[    8.573743] systemd[1]: Created slice Slice /system/modprobe.
[    8.573932] systemd[1]: Created slice Slice /system/systemd-fsck.
[    8.574080] systemd[1]: Created slice User and Session Slice.
[    8.574110] systemd[1]: Started Forward Password Requests to Wall Directory Watch.
[    8.574185] systemd[1]: Set up automount Arbitrary Executable File Formats File System Automount Point.
[    8.574221] systemd[1]: Reached target User and Group Name Lookups.
[    8.574233] systemd[1]: Reached target Slice Units.
[    8.574246] systemd[1]: Reached target Local Verity Protected Volumes.
[    8.574277] systemd[1]: Listening on Device-mapper event daemon FIFOs.
[    8.574321] systemd[1]: Listening on LVM2 poll daemon socket.
[    8.576112] systemd[1]: Listening on RPCbind Server Activation Socket.
[    8.576207] systemd[1]: Listening on Syslog Socket.
[    8.576261] systemd[1]: Listening on fsck to fsckd communication Socket.
[    8.576292] systemd[1]: Listening on initctl Compatibility Named Pipe.
[    8.576384] systemd[1]: Listening on Journal Audit Socket.
[    8.576431] systemd[1]: Listening on Journal Socket (/dev/log).
[    8.576494] systemd[1]: Listening on Journal Socket.
[    8.576649] systemd[1]: Listening on udev Control Socket.
[    8.576695] systemd[1]: Listening on udev Kernel Socket.
[    8.577165] systemd[1]: Mounting Huge Pages File System...
[    8.577585] systemd[1]: Mounting POSIX Message Queue File System...
[    8.578009] systemd[1]: Mounting Kernel Debug File System...
[    8.578364] systemd[1]: Mounting Kernel Trace File System...
[    8.579662] systemd[1]: Starting Journal Service...
[    8.579716] systemd[1]: Condition check resulted in Kernel Module supporting RPCSEC_GSS being skipped.
[    8.579758] systemd[1]: Finished Availability of block devices.
[    8.580229] systemd[1]: Starting Set the console keyboard layout...
[    8.580703] systemd[1]: Starting Create List of Static Device Nodes...
[    8.581172] systemd[1]: Starting Monitoring of LVM2 mirrors, snapshots etc. using dmeventd or progress polling...
[    8.581575] systemd[1]: Starting Load Kernel Module configfs...
[    8.581936] systemd[1]: Starting Load Kernel Module drm...
[    8.582322] systemd[1]: Starting Load Kernel Module fuse...
[    8.582425] systemd[1]: Condition check resulted in File System Check on Root Device being skipped.
[    8.583063] systemd[1]: Starting Load Kernel Modules...
[    8.583465] systemd[1]: Starting Remount Root and Kernel File Systems...
[    8.583873] systemd[1]: Starting Coldplug All udev Devices...
[    8.584489] systemd[1]: Mounted Huge Pages File System.
[    8.584539] systemd[1]: Mounted POSIX Message Queue File System.
[    8.584572] systemd[1]: Mounted Kernel Debug File System.
[    8.584614] systemd[1]: Mounted Kernel Trace File System.
[    8.584743] systemd[1]: Finished Create List of Static Device Nodes.
[    8.584838] systemd[1]: modprobe@configfs.service: Deactivated successfully.
[    8.584942] systemd[1]: Finished Load Kernel Module configfs.
[    8.585039] systemd[1]: modprobe@fuse.service: Deactivated successfully.
[    8.585113] systemd[1]: Finished Load Kernel Module fuse.
[    8.585544] systemd[1]: Mounting FUSE Control File System...
[    8.585908] systemd[1]: Mounting Kernel Configuration File System...
[    8.586288] EXT4-fs (nvme0n1p5): re-mounted. Opts: errors=remount-ro. Quota mode: none.
[    8.587168] systemd[1]: Finished Remount Root and Kernel File Systems.
[    8.587225] systemd[1]: Mounted FUSE Control File System.
[    8.587258] systemd[1]: Mounted Kernel Configuration File System.
[    8.587718] systemd[1]: Activating swap /swapfile...
[    8.587753] systemd[1]: Condition check resulted in Platform Persistent Storage Archival being skipped.
[    8.588197] systemd[1]: Starting Load/Save Random Seed...
[    8.588681] systemd[1]: Starting Create System Users...
[    8.588711] lp: driver loaded but no devices found
[    8.589682] systemd[1]: modprobe@drm.service: Deactivated successfully.
[    8.589797] systemd[1]: Finished Load Kernel Module drm.
[    8.590005] Adding 2097148k swap on /swapfile.  Priority:-2 extents:6 across:2260988k SSFS
[    8.590023] systemd[1]: Activated swap /swapfile.
[    8.590038] systemd[1]: Reached target Swaps.
[    8.590435] ppdev: user-space parallel port driver
[    8.592036] systemd[1]: Finished Load/Save Random Seed.
[    8.592088] systemd[1]: Condition check resulted in First Boot Complete being skipped.
[    8.594014] systemd[1]: Finished Create System Users.
[    8.594557] systemd[1]: Starting Create Static Device Nodes in /dev...
[    8.596514] IPMI message handler: version 39.2
[    8.597289] ipmi device interface
[    8.598002] systemd[1]: Finished Load Kernel Modules.
[    8.598465] systemd[1]: Starting Apply Kernel Variables...
[    8.601084] systemd[1]: Finished Create Static Device Nodes in /dev.
[    8.602093] systemd[1]: Starting Rule-based Manager for Device Events and Files...
[    8.604637] systemd[1]: Finished Apply Kernel Variables.
[    8.609613] systemd[1]: Finished Set the console keyboard layout.
[    8.625403] systemd[1]: Started Journal Service.
[    8.627424] systemd-journald[591]: Received client request to flush runtime journal.
[    8.691569] mc: Linux media interface: v0.10
[    8.693632] cdc_acm 1-3.1:1.0: ttyACM0: USB ACM device
[    8.693659] usbcore: registered new interface driver cdc_acm
[    8.693660] cdc_acm: USB Abstract Control Model driver for USB modems and ISDN adapters
[    8.697294] videodev: Linux video capture interface: v2.00
[    8.699119] ccp 0000:0c:00.1: enabling device (0000 -> 0002)
[    8.699706] ccp 0000:0c:00.1: ccp: unable to access the device: you might be running a broken BIOS.
[    8.700482] loop0: detected capacity change from 0 to 8
[    8.702501] pstore: Using crash dump compression: deflate
[    8.702507] pstore: Registered efi as persistent store backend
[    8.703350] loop1: detected capacity change from 0 to 113696
[    8.706158] loop2: detected capacity change from 0 to 113736
[    8.709750] loop3: detected capacity change from 0 to 126808
[    8.710826] usb 1-3.4: Found UVC 1.00 device HD Pro Webcam C920 (046d:082d)
[    8.711803] loop4: detected capacity change from 0 to 126824
[    8.713064] loop5: detected capacity change from 0 to 332368
[    8.713879] loop6: detected capacity change from 0 to 330800
[    8.714695] loop7: detected capacity change from 0 to 448512
[    8.716056] loop8: detected capacity change from 0 to 448512
[    8.717590] loop9: detected capacity change from 0 to 520384
[    8.718076] input: HD Pro Webcam C920 as /devices/pci0000:00/0000:00:01.2/0000:02:00.0/0000:03:08.0/0000:05:00.1/usb1/1-3/1-3.4/1-3.4:1.0/input/input18
[    8.718114] usbcore: registered new interface driver uvcvideo
[    8.720033] loop10: detected capacity change from 0 to 820832
[    8.720180] loop11: detected capacity change from 0 to 166424
[    8.720914] loop12: detected capacity change from 0 to 187776
[    8.721032] ucsi_ccg 0-0008: failed to get FW build information
[    8.721556] loop13: detected capacity change from 0 to 104360
[    8.722517] loop14: detected capacity change from 0 to 111080
[    8.723398] loop15: detected capacity change from 0 to 96160
[    8.724375] loop16: detected capacity change from 0 to 96176
[    8.726087] loop17: detected capacity change from 0 to 568
[    8.726881] loop18: detected capacity change from 0 to 605624
[    8.758720] RAPL PMU: API unit is 2^-32 Joules, 1 fixed counters, 163840 ms ovfl timer
[    8.758722] RAPL PMU: hw unit of domain package 2^-16 Joules
[    8.760436] cryptd: max_cpu_qlen set to 1000
[    8.767080] AMD-Vi: AMD IOMMUv2 loaded and initialized
[    8.767192] AVX2 version of gcm_enc/dec engaged.
[    8.767248] AES CTR mode by8 optimization enabled
[    8.767452] snd_hda_intel 0000:0a:00.1: Handle vga_switcheroo audio client
[    8.767454] snd_hda_intel 0000:0a:00.1: Force to non-snoop mode
[    8.767813] snd_hda_intel 0000:0c:00.4: enabling device (0000 -> 0002)
[    8.783493] input: HDA ATI HDMI HDMI/DP,pcm=3 as /devices/pci0000:00/0000:00:03.1/0000:08:00.0/0000:09:00.0/0000:0a:00.1/sound/card0/input19
[    8.783711] input: HDA ATI HDMI HDMI/DP,pcm=7 as /devices/pci0000:00/0000:00:03.1/0000:08:00.0/0000:09:00.0/0000:0a:00.1/sound/card0/input20
[    8.783887] input: HDA ATI HDMI HDMI/DP,pcm=8 as /devices/pci0000:00/0000:00:03.1/0000:08:00.0/0000:09:00.0/0000:0a:00.1/sound/card0/input21
[    8.784089] input: HDA ATI HDMI HDMI/DP,pcm=9 as /devices/pci0000:00/0000:00:03.1/0000:08:00.0/0000:09:00.0/0000:0a:00.1/sound/card0/input22
[    8.784178] input: HDA ATI HDMI HDMI/DP,pcm=10 as /devices/pci0000:00/0000:00:03.1/0000:08:00.0/0000:09:00.0/0000:0a:00.1/sound/card0/input23
[    8.784280] input: HDA ATI HDMI HDMI/DP,pcm=11 as /devices/pci0000:00/0000:00:03.1/0000:08:00.0/0000:09:00.0/0000:0a:00.1/sound/card0/input24
[    8.809657] EXT4-fs (sda1): mounted filesystem with ordered data mode. Opts: (null). Quota mode: none.
[    8.865191] kvm: Nested Virtualization enabled
[    8.865192] SVM: kvm: Nested Paging enabled
[    8.865204] SVM: Virtual VMLOAD VMSAVE supported
[    8.865204] SVM: Virtual GIF supported
[    8.865366] snd_hda_codec_realtek hdaudioC1D0: ALCS1200A: SKU not ready 0x00000000
[    8.865990] snd_hda_codec_realtek hdaudioC1D0: autoconfig for ALCS1200A: line_outs=3 (0x14/0x15/0x16/0x0/0x0) type:line
[    8.865992] snd_hda_codec_realtek hdaudioC1D0:    speaker_outs=0 (0x0/0x0/0x0/0x0/0x0)
[    8.865994] snd_hda_codec_realtek hdaudioC1D0:    hp_outs=1 (0x1b/0x0/0x0/0x0/0x0)
[    8.865995] snd_hda_codec_realtek hdaudioC1D0:    mono: mono_out=0x0
[    8.865996] snd_hda_codec_realtek hdaudioC1D0:    dig-out=0x1e/0x0
[    8.865997] snd_hda_codec_realtek hdaudioC1D0:    inputs:
[    8.865998] snd_hda_codec_realtek hdaudioC1D0:      Front Mic=0x19
[    8.865999] snd_hda_codec_realtek hdaudioC1D0:      Rear Mic=0x18
[    8.866000] snd_hda_codec_realtek hdaudioC1D0:      Line=0x1a
[    8.874972] MCE: In-kernel MCE decoding enabled.
[    8.880885] input: HD-Audio Generic Front Mic as /devices/pci0000:00/0000:00:08.1/0000:0c:00.4/sound/card1/input25
[    8.880909] input: HD-Audio Generic Rear Mic as /devices/pci0000:00/0000:00:08.1/0000:0c:00.4/sound/card1/input26
[    8.880940] input: HD-Audio Generic Line as /devices/pci0000:00/0000:00:08.1/0000:0c:00.4/sound/card1/input27
[    8.880964] input: HD-Audio Generic Line Out Front as /devices/pci0000:00/0000:00:08.1/0000:0c:00.4/sound/card1/input28
[    8.880989] input: HD-Audio Generic Line Out Surround as /devices/pci0000:00/0000:00:08.1/0000:0c:00.4/sound/card1/input29
[    8.881014] input: HD-Audio Generic Line Out CLFE as /devices/pci0000:00/0000:00:08.1/0000:0c:00.4/sound/card1/input30
[    8.881034] input: HD-Audio Generic Front Headphone as /devices/pci0000:00/0000:00:08.1/0000:0c:00.4/sound/card1/input31
[    8.882387] [drm] amdgpu kernel modesetting enabled.
[    8.887918] amdgpu: Ignoring ACPI CRAT on non-APU system
[    8.887920] amdgpu: Virtual CRAT table created for CPU
[    8.887926] amdgpu: Topology: Add CPU node
[    8.887964] checking generic (d0000000 300000) vs hw (d0000000 10000000)
[    8.887966] checking generic (d0000000 300000) vs hw (d0000000 10000000)
[    8.887967] fb0: switching to amdgpu from EFI VGA
[    8.888060] Console: switching to colour dummy device 80x25
[    8.888095] amdgpu 0000:0a:00.0: vgaarb: deactivate vga console
[    8.888151] [drm] initializing kernel modesetting (SIENNA_CICHLID 0x1002:0x73BF 0x1002:0x0E3A 0xC0).
[    8.888153] amdgpu 0000:0a:00.0: amdgpu: Trusted Memory Zone (TMZ) feature not supported
[    8.888159] [drm] register mmio base: 0xFC900000
[    8.888160] [drm] register mmio size: 1048576
[    8.889570] [drm] add ip block number 0 <nv_common>
[    8.889570] [drm] add ip block number 1 <gmc_v10_0>
[    8.889571] [drm] add ip block number 2 <navi10_ih>
[    8.889572] [drm] add ip block number 3 <psp>
[    8.889572] [drm] add ip block number 4 <smu>
[    8.889573] [drm] add ip block number 5 <dm>
[    8.889574] [drm] add ip block number 6 <gfx_v10_0>
[    8.889574] [drm] add ip block number 7 <sdma_v5_2>
[    8.889574] [drm] add ip block number 8 <vcn_v3_0>
[    8.889575] [drm] add ip block number 9 <jpeg_v3_0>
[    8.889584] amdgpu 0000:0a:00.0: No more image in the PCI ROM
[    8.889595] amdgpu 0000:0a:00.0: amdgpu: Fetched VBIOS from ROM BAR
[    8.889596] amdgpu: ATOM BIOS: 113-D4120100-100
[    8.889600] [drm] VCN(0) decode is enabled in VM mode
[    8.889602] [drm] VCN(1) decode is enabled in VM mode
[    8.889602] [drm] VCN(0) encode is enabled in VM mode
[    8.889602] [drm] VCN(1) encode is enabled in VM mode
[    8.889603] [drm] JPEG decode is enabled in VM mode
[    8.889618] amdgpu 0000:0a:00.0: amdgpu: MEM ECC is not presented.
[    8.889619] amdgpu 0000:0a:00.0: amdgpu: SRAM ECC is not presented.
[    8.889621] [drm] vm size is 262144 GB, 4 levels, block size is 9-bit, fragment size is 9-bit
[    8.889626] amdgpu 0000:0a:00.0: amdgpu: VRAM: 16368M 0x0000008000000000 - 0x00000083FEFFFFFF (16368M used)
[    8.889627] amdgpu 0000:0a:00.0: amdgpu: GART: 512M 0x0000000000000000 - 0x000000001FFFFFFF
[    8.889628] amdgpu 0000:0a:00.0: amdgpu: AGP: 267894784M 0x0000008400000000 - 0x0000FFFFFFFFFFFF
[    8.889634] [drm] Detected VRAM RAM=16368M, BAR=256M
[    8.889635] [drm] RAM width 256bits GDDR6
[    8.889655] [drm] amdgpu: 16368M of VRAM memory ready
[    8.889656] [drm] amdgpu: 16368M of GTT memory ready.
